docker : #0 building with "desktop-linux" instance using docker driver
At line:1 char:70
+ ... \AI Insem'; docker build --progress=plain -t ai-insem-app . 2>&1 | Ou ...
+                 ~~~~~~~~~~~~~~~~~~~~~~~~~~~~~~~~~~~~~~~~~~~~~~~~~~~~
    + CategoryInfo          : NotSpecified: (#0 building wit...g docker driver 
   :String) [], RemoteException
    + FullyQualifiedErrorId : NativeCommandError
 

#1 [internal] load build definition from Dockerfile
#1 transferring dockerfile: 577B 0.0s done
#1 DONE 0.0s

#2 [internal] load metadata for docker.io/library/python:3.11-slim
#2 DONE 0.8s

#3 [internal] load .dockerignore
#3 transferring context: 334B done
#3 DONE 0.0s

#4 [1/5] FROM docker.io/library/python:3.11-slim@sha256:233de06753d30d120b1a3ce
359d8d3be8bda78524cd8f520c99883bfe33964cf
#4 resolve docker.io/library/python:3.11-slim@sha256:233de06753d30d120b1a3ce359
d8d3be8bda78524cd8f520c99883bfe33964cf 0.1s done
#4 DONE 0.1s

#5 [internal] load build context
#5 transferring context: 19.68kB 0.0s done
#5 DONE 0.1s

#4 [1/5] FROM docker.io/library/python:3.11-slim@sha256:233de06753d30d120b1a3ce
359d8d3be8bda78524cd8f520c99883bfe33964cf
#4 DONE 0.2s

#4 [1/5] FROM docker.io/library/python:3.11-slim@sha256:233de06753d30d120b1a3ce
359d8d3be8bda78524cd8f520c99883bfe33964cf
#4 sha256:0816ee351b60c03c7a77a3f50c717891eedd927f4e6a1d59f6cce05268065606 0B 
/ 251B 0.2s
#4 sha256:d98f36ba21593a4014243f41ec9c5370abd34f4f65a5d074e41bce23f5f6a165 0B 
/ 14.37MB 0.2s
#4 sha256:37ffa6577b04e98598e2c10432eb8c66cfc1af6c7698b21c6163f8334606aa14 0B 
/ 1.29MB 0.2s
#4 sha256:0816ee351b60c03c7a77a3f50c717891eedd927f4e6a1d59f6cce05268065606 
251B / 251B 1.1s done
#4 sha256:d98f36ba21593a4014243f41ec9c5370abd34f4f65a5d074e41bce23f5f6a165 
1.05MB / 14.37MB 2.7s
#4 sha256:37ffa6577b04e98598e2c10432eb8c66cfc1af6c7698b21c6163f8334606aa14 
1.29MB / 1.29MB 2.7s done
#4 extracting 
sha256:37ffa6577b04e98598e2c10432eb8c66cfc1af6c7698b21c6163f8334606aa14
#4 extracting 
sha256:37ffa6577b04e98598e2c10432eb8c66cfc1af6c7698b21c6163f8334606aa14 0.2s 
done
#4 sha256:d98f36ba21593a4014243f41ec9c5370abd34f4f65a5d074e41bce23f5f6a165 
2.10MB / 14.37MB 3.2s
#4 sha256:d98f36ba21593a4014243f41ec9c5370abd34f4f65a5d074e41bce23f5f6a165 
3.15MB / 14.37MB 3.6s
#4 sha256:d98f36ba21593a4014243f41ec9c5370abd34f4f65a5d074e41bce23f5f6a165 
4.19MB / 14.37MB 4.1s
#4 sha256:d98f36ba21593a4014243f41ec9c5370abd34f4f65a5d074e41bce23f5f6a165 
5.24MB / 14.37MB 4.4s
#4 sha256:d98f36ba21593a4014243f41ec9c5370abd34f4f65a5d074e41bce23f5f6a165 
6.29MB / 14.37MB 4.7s
#4 sha256:d98f36ba21593a4014243f41ec9c5370abd34f4f65a5d074e41bce23f5f6a165 
7.34MB / 14.37MB 5.0s
#4 sha256:d98f36ba21593a4014243f41ec9c5370abd34f4f65a5d074e41bce23f5f6a165 
8.39MB / 14.37MB 5.4s
#4 sha256:d98f36ba21593a4014243f41ec9c5370abd34f4f65a5d074e41bce23f5f6a165 
9.44MB / 14.37MB 5.9s
#4 sha256:d98f36ba21593a4014243f41ec9c5370abd34f4f65a5d074e41bce23f5f6a165 
10.49MB / 14.37MB 6.0s
#4 sha256:d98f36ba21593a4014243f41ec9c5370abd34f4f65a5d074e41bce23f5f6a165 
11.53MB / 14.37MB 6.3s
#4 sha256:d98f36ba21593a4014243f41ec9c5370abd34f4f65a5d074e41bce23f5f6a165 
12.58MB / 14.37MB 6.6s
#4 sha256:d98f36ba21593a4014243f41ec9c5370abd34f4f65a5d074e41bce23f5f6a165 
13.63MB / 14.37MB 6.9s
#4 sha256:d98f36ba21593a4014243f41ec9c5370abd34f4f65a5d074e41bce23f5f6a165 
14.37MB / 14.37MB 7.1s
#4 sha256:d98f36ba21593a4014243f41ec9c5370abd34f4f65a5d074e41bce23f5f6a165 
14.37MB / 14.37MB 7.1s done
#4 extracting 
sha256:d98f36ba21593a4014243f41ec9c5370abd34f4f65a5d074e41bce23f5f6a165
#4 extracting 
sha256:d98f36ba21593a4014243f41ec9c5370abd34f4f65a5d074e41bce23f5f6a165 1.1s 
done
#4 extracting 
sha256:0816ee351b60c03c7a77a3f50c717891eedd927f4e6a1d59f6cce05268065606
#4 extracting 
sha256:0816ee351b60c03c7a77a3f50c717891eedd927f4e6a1d59f6cce05268065606 0.1s 
done
#4 DONE 8.5s

#6 [2/5] WORKDIR /app
#6 DONE 0.6s

#7 [3/5] COPY requirements.txt ./
#7 DONE 0.1s

#8 [4/5] RUN apt-get update     && apt-get install -y --no-install-recommends  
       libgl1         libglib2.0-0         libsm6         libxrender1         
libxext6     && pip install --upgrade pip     && pip install --no-cache-dir -r 
requirements.txt     && apt-get clean     && rm -rf /var/lib/apt/lists/*
#8 0.929 Hit:1 http://deb.debian.org/debian trixie InRelease
#8 1.008 Get:2 http://deb.debian.org/debian trixie-updates InRelease [47.3 kB]
#8 1.210 Get:3 http://deb.debian.org/debian-security trixie-security InRelease 
[43.4 kB]
#8 1.326 Get:4 http://deb.debian.org/debian trixie/main amd64 Packages [9671 
kB]
#8 4.443 Get:5 http://deb.debian.org/debian trixie-updates/main amd64 Packages 
[5412 B]
#8 4.546 Get:6 http://deb.debian.org/debian-security trixie-security/main 
amd64 Packages [124 kB]
#8 5.029 Fetched 9891 kB in 5s (2146 kB/s)
#8 5.029 Reading package lists...
#8 5.527 Reading package lists...
#8 6.005 Building dependency tree...
#8 6.148 Reading state information...
#8 6.327 The following additional packages will be installed:
#8 6.327   libatomic1 libdrm-amdgpu1 libdrm-common libdrm-intel1 libdrm2 
libedit2
#8 6.327   libelf1t64 libexpat1 libgbm1 libgl1-mesa-dri libglvnd0 libglx-mesa0 
libglx0
#8 6.328   libice6 libllvm19 libpciaccess0 libsensors-config libsensors5 
libvulkan1
#8 6.328   libwayland-server0 libx11-6 libx11-data libx11-xcb1 libxau6 
libxcb-dri3-0
#8 6.328   libxcb-glx0 libxcb-present0 libxcb-randr0 libxcb-shm0 libxcb-sync1
#8 6.328   libxcb-xfixes0 libxcb1 libxdmcp6 libxml2 libxshmfence1 libxxf86vm1 
libz3-4
#8 6.329   mesa-libgallium x11-common
#8 6.331 Suggested packages:
#8 6.331   low-memory-monitor pciutils lm-sensors
#8 6.331 Recommended packages:
#8 6.331   libglib2.0-data shared-mime-info xdg-user-dirs mesa-vulkan-drivers
#8 6.331   | vulkan-icd
#8 6.497 The following NEW packages will be installed:
#8 6.497   libatomic1 libdrm-amdgpu1 libdrm-common libdrm-intel1 libdrm2 
libedit2
#8 6.497   libelf1t64 libexpat1 libgbm1 libgl1 libgl1-mesa-dri libglib2.0-0t64
#8 6.498   libglvnd0 libglx-mesa0 libglx0 libice6 libllvm19 libpciaccess0
#8 6.498   libsensors-config libsensors5 libsm6 libvulkan1 libwayland-server0 
libx11-6
#8 6.498   libx11-data libx11-xcb1 libxau6 libxcb-dri3-0 libxcb-glx0 
libxcb-present0
#8 6.498   libxcb-randr0 libxcb-shm0 libxcb-sync1 libxcb-xfixes0 libxcb1 
libxdmcp6
#8 6.498   libxext6 libxml2 libxrender1 libxshmfence1 libxxf86vm1 libz3-4
#8 6.499   mesa-libgallium x11-common
#8 6.917 0 upgraded, 44 newly installed, 0 to remove and 3 not upgraded.
#8 6.917 Need to get 50.4 MB of archives.
#8 6.917 After this operation, 218 MB of additional disk space will be used.
#8 6.917 Get:1 http://deb.debian.org/debian trixie/main amd64 libexpat1 amd64 
2.7.1-2 [108 kB]
#8 7.196 Get:2 http://deb.debian.org/debian trixie/main amd64 libatomic1 amd64 
14.2.0-19 [9308 B]
#8 7.197 Get:3 http://deb.debian.org/debian trixie/main amd64 libdrm-common 
all 2.4.124-2 [8288 B]
#8 7.320 Get:4 http://deb.debian.org/debian trixie/main amd64 libdrm2 amd64 
2.4.124-2 [39.0 kB]
#8 7.322 Get:5 http://deb.debian.org/debian trixie/main amd64 libdrm-amdgpu1 
amd64 2.4.124-2 [22.6 kB]
#8 7.333 Get:6 http://deb.debian.org/debian trixie/main amd64 libpciaccess0 
amd64 0.17-3+b3 [51.9 kB]
#8 7.443 Get:7 http://deb.debian.org/debian trixie/main amd64 libdrm-intel1 
amd64 2.4.124-2 [64.1 kB]
#8 7.553 Get:8 http://deb.debian.org/debian trixie/main amd64 libedit2 amd64 
3.1-20250104-1 [93.8 kB]
#8 7.664 Get:9 http://deb.debian.org/debian trixie/main amd64 libelf1t64 amd64 
0.192-4 [189 kB]
#8 7.773 Get:10 http://deb.debian.org/debian trixie/main amd64 
libwayland-server0 amd64 1.23.1-3 [34.4 kB]
#8 7.774 Get:11 http://deb.debian.org/debian trixie/main amd64 libxml2 amd64 
2.12.7+dfsg+really2.9.14-2.1+deb13u2 [698 kB]
#8 8.083 Get:12 http://deb.debian.org/debian trixie/main amd64 libz3-4 amd64 
4.13.3-1 [8560 kB]
#8 10.26 Get:13 http://deb.debian.org/debian trixie/main amd64 libllvm19 amd64 
1:19.1.7-3+b1 [26.0 MB]
#8 15.35 Get:14 http://deb.debian.org/debian trixie/main amd64 
libsensors-config all 1:3.6.2-2 [16.2 kB]
#8 15.35 Get:15 http://deb.debian.org/debian trixie/main amd64 libsensors5 
amd64 1:3.6.2-2 [37.5 kB]
#8 15.36 Get:16 http://deb.debian.org/debian trixie/main amd64 libxau6 amd64 
1:1.0.11-1 [20.4 kB]
#8 15.36 Get:17 http://deb.debian.org/debian trixie/main amd64 libxdmcp6 amd64 
1:1.1.5-1 [27.8 kB]
#8 15.72 Get:18 http://deb.debian.org/debian trixie/main amd64 libxcb1 amd64 
1.17.0-2+b1 [144 kB]
#8 18.52 Get:19 http://deb.debian.org/debian trixie/main amd64 libx11-data all 
2:1.8.12-1 [343 kB]
#8 18.90 Get:20 http://deb.debian.org/debian trixie/main amd64 libx11-6 amd64 
2:1.8.12-1 [815 kB]
#8 19.22 Get:21 http://deb.debian.org/debian trixie/main amd64 libx11-xcb1 
amd64 2:1.8.12-1 [247 kB]
#8 19.38 Get:22 http://deb.debian.org/debian trixie/main amd64 libxcb-dri3-0 
amd64 1.17.0-2+b1 [107 kB]
#8 19.49 Get:23 http://deb.debian.org/debian trixie/main amd64 libxcb-present0 
amd64 1.17.0-2+b1 [106 kB]
#8 19.61 Get:24 http://deb.debian.org/debian trixie/main amd64 libxcb-randr0 
amd64 1.17.0-2+b1 [117 kB]
#8 19.71 Get:25 http://deb.debian.org/debian trixie/main amd64 libxcb-sync1 
amd64 1.17.0-2+b1 [109 kB]
#8 19.82 Get:26 http://deb.debian.org/debian trixie/main amd64 libxcb-xfixes0 
amd64 1.17.0-2+b1 [109 kB]
#8 19.85 Get:27 http://deb.debian.org/debian trixie/main amd64 libxshmfence1 
amd64 1.3.3-1 [10.9 kB]
#8 19.85 Get:28 http://deb.debian.org/debian trixie/main amd64 mesa-libgallium 
amd64 25.0.7-2 [9629 kB]
#8 21.63 Get:29 http://deb.debian.org/debian trixie/main amd64 libgbm1 amd64 
25.0.7-2 [44.4 kB]
#8 21.63 Get:30 http://deb.debian.org/debian trixie/main amd64 libglvnd0 amd64 
1.7.0-1+b2 [52.0 kB]
#8 21.64 Get:31 http://deb.debian.org/debian trixie/main amd64 libxcb-glx0 
amd64 1.17.0-2+b1 [122 kB]
#8 21.68 Get:32 http://deb.debian.org/debian trixie/main amd64 libxcb-shm0 
amd64 1.17.0-2+b1 [105 kB]
#8 21.69 Get:33 http://deb.debian.org/debian trixie/main amd64 libxext6 amd64 
2:1.3.4-1+b3 [50.4 kB]
#8 21.70 Get:34 http://deb.debian.org/debian trixie/main amd64 libxxf86vm1 
amd64 1:1.1.4-1+b4 [19.3 kB]
#8 21.70 Get:35 http://deb.debian.org/debian trixie/main amd64 libvulkan1 
amd64 1.4.309.0-1 [130 kB]
#8 21.83 Get:36 http://deb.debian.org/debian trixie/main amd64 libgl1-mesa-dri 
amd64 25.0.7-2 [46.1 kB]
#8 21.92 Get:37 http://deb.debian.org/debian trixie/main amd64 libglx-mesa0 
amd64 25.0.7-2 [143 kB]
#8 22.05 Get:38 http://deb.debian.org/debian trixie/main amd64 libglx0 amd64 
1.7.0-1+b2 [34.9 kB]
#8 22.13 Get:39 http://deb.debian.org/debian trixie/main amd64 libgl1 amd64 
1.7.0-1+b2 [89.5 kB]
#8 22.25 Get:40 http://deb.debian.org/debian trixie/main amd64 libglib2.0-0t64 
amd64 2.84.4-3~deb13u2 [1518 kB]
#8 22.70 Get:41 http://deb.debian.org/debian trixie/main amd64 x11-common all 
1:7.7+24+deb13u1 [217 kB]
#8 22.81 Get:42 http://deb.debian.org/debian trixie/main amd64 libice6 amd64 
2:1.1.1-1 [65.4 kB]
#8 22.82 Get:43 http://deb.debian.org/debian trixie/main amd64 libsm6 amd64 
2:1.2.6-1 [37.3 kB]
#8 22.83 Get:44 http://deb.debian.org/debian trixie/main amd64 libxrender1 
amd64 1:0.9.12-1 [27.9 kB]
#8 22.99 debconf: unable to initialize frontend: Dialog
#8 22.99 debconf: (TERM is not set, so the dialog frontend is not usable.)
#8 22.99 debconf: falling back to frontend: Readline
#8 23.00 debconf: unable to initialize frontend: Readline
#8 23.00 debconf: (Can't locate Term/ReadLine.pm in @INC (you may need to 
install the Term::ReadLine module) (@INC entries checked: /etc/perl 
/usr/local/lib/x86_64-linux-gnu/perl/5.40.1 /usr/local/share/perl/5.40.1 
/usr/lib/x86_64-linux-gnu/perl5/5.40 /usr/share/perl5 
/usr/lib/x86_64-linux-gnu/perl-base /usr/lib/x86_64-linux-gnu/perl/5.40 
/usr/share/perl/5.40 /usr/local/lib/site_perl) at 
/usr/share/perl5/Debconf/FrontEnd/Readline.pm line 8, <STDIN> line 44.)
#8 23.00 debconf: falling back to frontend: Teletype
#8 23.00 debconf: unable to initialize frontend: Teletype
#8 23.00 debconf: (This frontend requires a controlling tty.)
#8 23.00 debconf: falling back to frontend: Noninteractive
#8 24.04 Fetched 50.4 MB in 16s (3088 kB/s)
#8 24.10 Selecting previously unselected package libexpat1:amd64.
#8 24.10 (Reading database ... 
(Reading database ... 5%
(Reading database ... 10%
(Reading database ... 15%
(Reading database ... 20%
(Reading database ... 25%
(Reading database ... 30%
(Reading database ... 35%
(Reading database ... 40%
(Reading database ... 45%
(Reading database ... 50%
(Reading database ... 55%
(Reading database ... 60%
(Reading database ... 65%
(Reading database ... 70%
(Reading database ... 75%
(Reading database ... 80%
(Reading database ... 85%
(Reading database ... 90%
(Reading database ... 95%
(Reading database ... 100%
(Reading database ... 5645 files and directories currently installed.)
#8 24.11 Preparing to unpack .../00-libexpat1_2.7.1-2_amd64.deb ...
#8 24.13 Unpacking libexpat1:amd64 (2.7.1-2) ...
#8 24.23 Selecting previously unselected package libatomic1:amd64.
#8 24.23 Preparing to unpack .../01-libatomic1_14.2.0-19_amd64.deb ...
#8 24.24 Unpacking libatomic1:amd64 (14.2.0-19) ...
#8 24.31 Selecting previously unselected package libdrm-common.
#8 24.31 Preparing to unpack .../02-libdrm-common_2.4.124-2_all.deb ...
#8 24.32 Unpacking libdrm-common (2.4.124-2) ...
#8 24.41 Selecting previously unselected package libdrm2:amd64.
#8 24.42 Preparing to unpack .../03-libdrm2_2.4.124-2_amd64.deb ...
#8 24.43 Unpacking libdrm2:amd64 (2.4.124-2) ...
#8 24.52 Selecting previously unselected package libdrm-amdgpu1:amd64.
#8 24.52 Preparing to unpack .../04-libdrm-amdgpu1_2.4.124-2_amd64.deb ...
#8 24.53 Unpacking libdrm-amdgpu1:amd64 (2.4.124-2) ...
#8 24.63 Selecting previously unselected package libpciaccess0:amd64.
#8 24.63 Preparing to unpack .../05-libpciaccess0_0.17-3+b3_amd64.deb ...
#8 24.64 Unpacking libpciaccess0:amd64 (0.17-3+b3) ...
#8 24.73 Selecting previously unselected package libdrm-intel1:amd64.
#8 24.73 Preparing to unpack .../06-libdrm-intel1_2.4.124-2_amd64.deb ...
#8 24.74 Unpacking libdrm-intel1:amd64 (2.4.124-2) ...
#8 24.84 Selecting previously unselected package libedit2:amd64.
#8 24.84 Preparing to unpack .../07-libedit2_3.1-20250104-1_amd64.deb ...
#8 24.86 Unpacking libedit2:amd64 (3.1-20250104-1) ...
#8 24.95 Selecting previously unselected package libelf1t64:amd64.
#8 24.95 Preparing to unpack .../08-libelf1t64_0.192-4_amd64.deb ...
#8 24.96 Unpacking libelf1t64:amd64 (0.192-4) ...
#8 25.06 Selecting previously unselected package libwayland-server0:amd64.
#8 25.06 Preparing to unpack .../09-libwayland-server0_1.23.1-3_amd64.deb ...
#8 25.08 Unpacking libwayland-server0:amd64 (1.23.1-3) ...
#8 25.17 Selecting previously unselected package libxml2:amd64.
#8 25.17 Preparing to unpack 
.../10-libxml2_2.12.7+dfsg+really2.9.14-2.1+deb13u2_amd64.deb ...
#8 25.18 Unpacking libxml2:amd64 (2.12.7+dfsg+really2.9.14-2.1+deb13u2) ...
#8 25.29 Selecting previously unselected package libz3-4:amd64.
#8 25.29 Preparing to unpack .../11-libz3-4_4.13.3-1_amd64.deb ...
#8 25.30 Unpacking libz3-4:amd64 (4.13.3-1) ...
#8 25.65 Selecting previously unselected package libllvm19:amd64.
#8 25.65 Preparing to unpack .../12-libllvm19_1%3a19.1.7-3+b1_amd64.deb ...
#8 25.67 Unpacking libllvm19:amd64 (1:19.1.7-3+b1) ...
#8 26.38 Selecting previously unselected package libsensors-config.
#8 26.38 Preparing to unpack .../13-libsensors-config_1%3a3.6.2-2_all.deb ...
#8 26.39 Unpacking libsensors-config (1:3.6.2-2) ...
#8 26.49 Selecting previously unselected package libsensors5:amd64.
#8 26.49 Preparing to unpack .../14-libsensors5_1%3a3.6.2-2_amd64.deb ...
#8 26.50 Unpacking libsensors5:amd64 (1:3.6.2-2) ...
#8 26.60 Selecting previously unselected package libxau6:amd64.
#8 26.61 Preparing to unpack .../15-libxau6_1%3a1.0.11-1_amd64.deb ...
#8 26.62 Unpacking libxau6:amd64 (1:1.0.11-1) ...
#8 26.75 Selecting previously unselected package libxdmcp6:amd64.
#8 26.75 Preparing to unpack .../16-libxdmcp6_1%3a1.1.5-1_amd64.deb ...
#8 26.76 Unpacking libxdmcp6:amd64 (1:1.1.5-1) ...
#8 26.85 Selecting previously unselected package libxcb1:amd64.
#8 26.85 Preparing to unpack .../17-libxcb1_1.17.0-2+b1_amd64.deb ...
#8 26.86 Unpacking libxcb1:amd64 (1.17.0-2+b1) ...
#8 26.93 Selecting previously unselected package libx11-data.
#8 26.93 Preparing to unpack .../18-libx11-data_2%3a1.8.12-1_all.deb ...
#8 26.94 Unpacking libx11-data (2:1.8.12-1) ...
#8 27.10 Selecting previously unselected package libx11-6:amd64.
#8 27.11 Preparing to unpack .../19-libx11-6_2%3a1.8.12-1_amd64.deb ...
#8 27.12 Unpacking libx11-6:amd64 (2:1.8.12-1) ...
#8 27.23 Selecting previously unselected package libx11-xcb1:amd64.
#8 27.23 Preparing to unpack .../20-libx11-xcb1_2%3a1.8.12-1_amd64.deb ...
#8 27.24 Unpacking libx11-xcb1:amd64 (2:1.8.12-1) ...
#8 27.35 Selecting previously unselected package libxcb-dri3-0:amd64.
#8 27.35 Preparing to unpack .../21-libxcb-dri3-0_1.17.0-2+b1_amd64.deb ...
#8 27.37 Unpacking libxcb-dri3-0:amd64 (1.17.0-2+b1) ...
#8 27.48 Selecting previously unselected package libxcb-present0:amd64.
#8 27.48 Preparing to unpack .../22-libxcb-present0_1.17.0-2+b1_amd64.deb ...
#8 27.49 Unpacking libxcb-present0:amd64 (1.17.0-2+b1) ...
#8 27.60 Selecting previously unselected package libxcb-randr0:amd64.
#8 27.60 Preparing to unpack .../23-libxcb-randr0_1.17.0-2+b1_amd64.deb ...
#8 27.61 Unpacking libxcb-randr0:amd64 (1.17.0-2+b1) ...
#8 27.71 Selecting previously unselected package libxcb-sync1:amd64.
#8 27.71 Preparing to unpack .../24-libxcb-sync1_1.17.0-2+b1_amd64.deb ...
#8 27.73 Unpacking libxcb-sync1:amd64 (1.17.0-2+b1) ...
#8 27.83 Selecting previously unselected package libxcb-xfixes0:amd64.
#8 27.83 Preparing to unpack .../25-libxcb-xfixes0_1.17.0-2+b1_amd64.deb ...
#8 27.84 Unpacking libxcb-xfixes0:amd64 (1.17.0-2+b1) ...
#8 27.94 Selecting previously unselected package libxshmfence1:amd64.
#8 27.94 Preparing to unpack .../26-libxshmfence1_1.3.3-1_amd64.deb ...
#8 27.96 Unpacking libxshmfence1:amd64 (1.3.3-1) ...
#8 28.05 Selecting previously unselected package mesa-libgallium:amd64.
#8 28.05 Preparing to unpack .../27-mesa-libgallium_25.0.7-2_amd64.deb ...
#8 28.07 Unpacking mesa-libgallium:amd64 (25.0.7-2) ...
#8 28.63 Selecting previously unselected package libgbm1:amd64.
#8 28.63 Preparing to unpack .../28-libgbm1_25.0.7-2_amd64.deb ...
#8 28.65 Unpacking libgbm1:amd64 (25.0.7-2) ...
#8 28.75 Selecting previously unselected package libglvnd0:amd64.
#8 28.75 Preparing to unpack .../29-libglvnd0_1.7.0-1+b2_amd64.deb ...
#8 28.77 Unpacking libglvnd0:amd64 (1.7.0-1+b2) ...
#8 28.89 Selecting previously unselected package libxcb-glx0:amd64.
#8 28.89 Preparing to unpack .../30-libxcb-glx0_1.17.0-2+b1_amd64.deb ...
#8 28.90 Unpacking libxcb-glx0:amd64 (1.17.0-2+b1) ...
#8 29.00 Selecting previously unselected package libxcb-shm0:amd64.
#8 29.00 Preparing to unpack .../31-libxcb-shm0_1.17.0-2+b1_amd64.deb ...
#8 29.01 Unpacking libxcb-shm0:amd64 (1.17.0-2+b1) ...
#8 29.10 Selecting previously unselected package libxext6:amd64.
#8 29.11 Preparing to unpack .../32-libxext6_2%3a1.3.4-1+b3_amd64.deb ...
#8 29.12 Unpacking libxext6:amd64 (2:1.3.4-1+b3) ...
#8 29.21 Selecting previously unselected package libxxf86vm1:amd64.
#8 29.21 Preparing to unpack .../33-libxxf86vm1_1%3a1.1.4-1+b4_amd64.deb ...
#8 29.22 Unpacking libxxf86vm1:amd64 (1:1.1.4-1+b4) ...
#8 29.31 Selecting previously unselected package libvulkan1:amd64.
#8 29.31 Preparing to unpack .../34-libvulkan1_1.4.309.0-1_amd64.deb ...
#8 29.32 Unpacking libvulkan1:amd64 (1.4.309.0-1) ...
#8 29.42 Selecting previously unselected package libgl1-mesa-dri:amd64.
#8 29.43 Preparing to unpack .../35-libgl1-mesa-dri_25.0.7-2_amd64.deb ...
#8 29.44 Unpacking libgl1-mesa-dri:amd64 (25.0.7-2) ...
#8 29.54 Selecting previously unselected package libglx-mesa0:amd64.
#8 29.54 Preparing to unpack .../36-libglx-mesa0_25.0.7-2_amd64.deb ...
#8 29.55 Unpacking libglx-mesa0:amd64 (25.0.7-2) ...
#8 29.64 Selecting previously unselected package libglx0:amd64.
#8 29.65 Preparing to unpack .../37-libglx0_1.7.0-1+b2_amd64.deb ...
#8 29.66 Unpacking libglx0:amd64 (1.7.0-1+b2) ...
#8 29.75 Selecting previously unselected package libgl1:amd64.
#8 29.75 Preparing to unpack .../38-libgl1_1.7.0-1+b2_amd64.deb ...
#8 29.77 Unpacking libgl1:amd64 (1.7.0-1+b2) ...
#8 29.88 Selecting previously unselected package libglib2.0-0t64:amd64.
#8 29.88 Preparing to unpack .../39-libglib2.0-0t64_2.84.4-3~deb13u2_amd64.deb 
...
#8 29.90 Unpacking libglib2.0-0t64:amd64 (2.84.4-3~deb13u2) ...
#8 30.07 Selecting previously unselected package x11-common.
#8 30.07 Preparing to unpack .../40-x11-common_1%3a7.7+24+deb13u1_all.deb ...
#8 30.08 Unpacking x11-common (1:7.7+24+deb13u1) ...
#8 30.18 Selecting previously unselected package libice6:amd64.
#8 30.18 Preparing to unpack .../41-libice6_2%3a1.1.1-1_amd64.deb ...
#8 30.19 Unpacking libice6:amd64 (2:1.1.1-1) ...
#8 30.29 Selecting previously unselected package libsm6:amd64.
#8 30.29 Preparing to unpack .../42-libsm6_2%3a1.2.6-1_amd64.deb ...
#8 30.30 Unpacking libsm6:amd64 (2:1.2.6-1) ...
#8 30.38 Selecting previously unselected package libxrender1:amd64.
#8 30.38 Preparing to unpack .../43-libxrender1_1%3a0.9.12-1_amd64.deb ...
#8 30.40 Unpacking libxrender1:amd64 (1:0.9.12-1) ...
#8 30.49 Setting up libexpat1:amd64 (2.7.1-2) ...
#8 30.52 Setting up libwayland-server0:amd64 (1.23.1-3) ...
#8 30.56 Setting up libpciaccess0:amd64 (0.17-3+b3) ...
#8 30.59 Setting up libxau6:amd64 (1:1.0.11-1) ...
#8 30.63 Setting up libxdmcp6:amd64 (1:1.1.5-1) ...
#8 30.67 Setting up libxcb1:amd64 (1.17.0-2+b1) ...
#8 30.70 Setting up libxcb-xfixes0:amd64 (1.17.0-2+b1) ...
#8 30.74 Setting up libglvnd0:amd64 (1.7.0-1+b2) ...
#8 30.78 Setting up libxcb-glx0:amd64 (1.17.0-2+b1) ...
#8 30.82 Setting up libedit2:amd64 (3.1-20250104-1) ...
#8 30.85 Setting up x11-common (1:7.7+24+deb13u1) ...
#8 31.10 debconf: unable to initialize frontend: Dialog
#8 31.10 debconf: (TERM is not set, so the dialog frontend is not usable.)
#8 31.10 debconf: falling back to frontend: Readline
#8 31.10 debconf: unable to initialize frontend: Readline
#8 31.10 debconf: (Can't locate Term/ReadLine.pm in @INC (you may need to 
install the Term::ReadLine module) (@INC entries checked: /etc/perl 
/usr/local/lib/x86_64-linux-gnu/perl/5.40.1 /usr/local/share/perl/5.40.1 
/usr/lib/x86_64-linux-gnu/perl5/5.40 /usr/share/perl5 
/usr/lib/x86_64-linux-gnu/perl-base /usr/lib/x86_64-linux-gnu/perl/5.40 
/usr/share/perl/5.40 /usr/local/lib/site_perl) at 
/usr/share/perl5/Debconf/FrontEnd/Readline.pm line 8.)
#8 31.10 debconf: falling back to frontend: Teletype
#8 31.11 debconf: unable to initialize frontend: Teletype
#8 31.11 debconf: (This frontend requires a controlling tty.)
#8 31.11 debconf: falling back to frontend: Noninteractive
#8 31.12 invoke-rc.d: could not determine current runlevel
#8 31.13 invoke-rc.d: policy-rc.d denied execution of start.
#8 31.15 Setting up libsensors-config (1:3.6.2-2) ...
#8 31.20 Setting up libxcb-shm0:amd64 (1.17.0-2+b1) ...
#8 31.24 Setting up libelf1t64:amd64 (0.192-4) ...
#8 31.28 Setting up libxcb-present0:amd64 (1.17.0-2+b1) ...
#8 31.32 Setting up libz3-4:amd64 (4.13.3-1) ...
#8 31.36 Setting up libx11-data (2:1.8.12-1) ...
#8 31.39 Setting up libxcb-sync1:amd64 (1.17.0-2+b1) ...
#8 31.42 Setting up libatomic1:amd64 (14.2.0-19) ...
#8 31.46 Setting up libsensors5:amd64 (1:3.6.2-2) ...
#8 31.49 Setting up libvulkan1:amd64 (1.4.309.0-1) ...
#8 31.53 Setting up libxshmfence1:amd64 (1.3.3-1) ...
#8 31.57 Setting up libxcb-randr0:amd64 (1.17.0-2+b1) ...
#8 31.61 Setting up libx11-6:amd64 (2:1.8.12-1) ...
#8 31.64 Setting up libdrm-common (2.4.124-2) ...
#8 31.68 Setting up libxml2:amd64 (2.12.7+dfsg+really2.9.14-2.1+deb13u2) ...
#8 31.71 Setting up libxcb-dri3-0:amd64 (1.17.0-2+b1) ...
#8 31.75 Setting up libllvm19:amd64 (1:19.1.7-3+b1) ...
#8 31.78 Setting up libx11-xcb1:amd64 (2:1.8.12-1) ...
#8 31.81 Setting up libice6:amd64 (2:1.1.1-1) ...
#8 31.84 Setting up libxrender1:amd64 (1:0.9.12-1) ...
#8 31.87 Setting up libxext6:amd64 (2:1.3.4-1+b3) ...
#8 31.91 Setting up libxxf86vm1:amd64 (1:1.1.4-1+b4) ...
#8 31.94 Setting up libglib2.0-0t64:amd64 (2.84.4-3~deb13u2) ...
#8 31.97 No schema files found: doing nothing.
#8 31.98 Setting up libdrm2:amd64 (2.4.124-2) ...
#8 32.00 Setting up libsm6:amd64 (2:1.2.6-1) ...
#8 32.03 Setting up libdrm-amdgpu1:amd64 (2.4.124-2) ...
#8 32.07 Setting up libdrm-intel1:amd64 (2.4.124-2) ...
#8 32.11 Setting up mesa-libgallium:amd64 (25.0.7-2) ...
#8 32.14 Setting up libgbm1:amd64 (25.0.7-2) ...
#8 32.17 Setting up libgl1-mesa-dri:amd64 (25.0.7-2) ...
#8 32.22 Setting up libglx-mesa0:amd64 (25.0.7-2) ...
#8 32.25 Setting up libglx0:amd64 (1.7.0-1+b2) ...
#8 32.29 Setting up libgl1:amd64 (1.7.0-1+b2) ...
#8 32.33 Processing triggers for libc-bin (2.41-12+deb13u2) ...
#8 33.84 Requirement already satisfied: pip in 
/usr/local/lib/python3.11/site-packages (24.0)
#8 34.49 Collecting pip
#8 34.71   Downloading pip-26.0.1-py3-none-any.whl.metadata (4.7 kB)
#8 34.77 Downloading pip-26.0.1-py3-none-any.whl (1.8 MB)
#8 35.21    ΓöüΓöüΓöüΓöüΓöüΓöüΓöüΓöüΓöüΓöüΓöüΓöüΓöüΓöüΓöüΓöüΓöüΓöüΓöüΓöüΓöüΓöüΓ
öüΓöüΓöüΓöüΓöüΓöüΓöüΓöüΓöüΓöüΓöüΓöüΓöüΓöüΓöüΓöüΓöüΓöü 1.8/1.8 MB 4.1 MB/s eta 
0:00:00
#8 35.26 Installing collected packages: pip
#8 35.26   Attempting uninstall: pip
#8 35.26     Found existing installation: pip 24.0
#8 35.31     Uninstalling pip-24.0:
#8 35.70       Successfully uninstalled pip-24.0
#8 36.52 Successfully installed pip-26.0.1
#8 36.52 WARNING: Running pip as the 'root' user can result in broken 
permissions and conflicting behaviour with the system package manager. It is 
recommended to use a virtual environment instead: 
https://pip.pypa.io/warnings/venv
#8 37.43 Collecting Flask>=2.3.0 (from -r requirements.txt (line 1))
#8 37.58   Downloading flask-3.1.3-py3-none-any.whl.metadata (3.2 kB)
#8 37.71 Collecting streamlit>=1.25.0 (from -r requirements.txt (line 2))
#8 37.76   Downloading streamlit-1.56.0-py3-none-any.whl.metadata (9.8 kB)
#8 38.13 Collecting pandas>=2.1.0 (from -r requirements.txt (line 3))
#8 38.25   Downloading pandas-3.0.2-cp311-cp311-manylinux_2_24_x86_64.manylinux
_2_28_x86_64.whl.metadata (79 kB)
#8 38.45 Collecting plotly>=5.19.0 (from -r requirements.txt (line 4))
#8 38.50   Downloading plotly-6.7.0-py3-none-any.whl.metadata (8.6 kB)
#8 38.93 Collecting Pillow>=10.0.0 (from -r requirements.txt (line 5))
#8 38.99   Downloading pillow-12.2.0-cp311-cp311-manylinux_2_27_x86_64.manylinu
x_2_28_x86_64.whl.metadata (8.8 kB)
#8 39.17 Collecting opencv-python>=4.8.0 (from -r requirements.txt (line 6))
#8 39.22   Downloading 
opencv_python-4.13.0.92-cp37-abi3-manylinux_2_28_x86_64.whl.metadata (19 kB)
#8 39.28 Collecting imutils>=0.5.4 (from -r requirements.txt (line 7))
#8 39.34   Downloading imutils-0.5.4.tar.gz (17 kB)
#8 39.36   Installing build dependencies: started
#8 40.90   Installing build dependencies: finished with status 'done'
#8 40.90   Getting requirements to build wheel: started
#8 41.32   Getting requirements to build wheel: finished with status 'done'
#8 41.32   Preparing metadata (pyproject.toml): started
#8 41.48   Preparing metadata (pyproject.toml): finished with status 'done'
#8 42.28 Collecting numpy>=1.26.0 (from -r requirements.txt (line 8))
#8 42.34   Downloading numpy-2.4.4-cp311-cp311-manylinux_2_27_x86_64.manylinux_
2_28_x86_64.whl.metadata (6.6 kB)
#8 42.96 Collecting scipy>=1.11.0 (from -r requirements.txt (line 9))
#8 43.12   Downloading scipy-1.17.1-cp311-cp311-manylinux_2_27_x86_64.manylinux
_2_28_x86_64.whl.metadata (62 kB)
#8 43.63 Collecting ultralytics>=8.0.0 (from -r requirements.txt (line 10))
#8 43.86   Downloading ultralytics-8.4.38-py3-none-any.whl.metadata (39 kB)
#8 43.98 Collecting deepface>=0.0.75 (from -r requirements.txt (line 11))
#8 44.04   Downloading deepface-0.0.99-py3-none-any.whl.metadata (34 kB)
#8 44.17 Collecting requests>=2.31.0 (from -r requirements.txt (line 12))
#8 44.22   Downloading requests-2.33.1-py3-none-any.whl.metadata (4.8 kB)
#8 44.37 Collecting twilio>=8.0.0 (from -r requirements.txt (line 13))
#8 44.42   Downloading twilio-9.10.5-py2.py3-none-any.whl.metadata (13 kB)
#8 44.50 Collecting easyocr>=1.7.0 (from -r requirements.txt (line 14))
#8 44.56   Downloading easyocr-1.7.2-py3-none-any.whl.metadata (10 kB)
#8 44.75 Collecting psycopg2-binary>=2.9.0 (from -r requirements.txt (line 15))
#8 44.81   Downloading psycopg2_binary-2.9.11-cp311-cp311-manylinux2014_x86_64.
manylinux_2_17_x86_64.whl.metadata (4.9 kB)
#8 45.02 Collecting reportlab>=4.0.0 (from -r requirements.txt (line 16))
#8 45.09   Downloading reportlab-4.4.10-py3-none-any.whl.metadata (1.7 kB)
#8 45.23 Collecting schedule>=1.2.0 (from -r requirements.txt (line 17))
#8 45.34   Downloading schedule-1.2.2-py3-none-any.whl.metadata (3.8 kB)
#8 45.41 Collecting blinker>=1.9.0 (from Flask>=2.3.0->-r requirements.txt 
(line 1))
#8 45.46   Downloading blinker-1.9.0-py3-none-any.whl.metadata (1.6 kB)
#8 45.54 Collecting click>=8.1.3 (from Flask>=2.3.0->-r requirements.txt (line 
1))
#8 45.59   Downloading click-8.3.2-py3-none-any.whl.metadata (2.6 kB)
#8 45.65 Collecting itsdangerous>=2.2.0 (from Flask>=2.3.0->-r 
requirements.txt (line 1))
#8 45.72   Downloading itsdangerous-2.2.0-py3-none-any.whl.metadata (1.9 kB)
#8 45.78 Collecting jinja2>=3.1.2 (from Flask>=2.3.0->-r requirements.txt 
(line 1))
#8 45.84   Downloading jinja2-3.1.6-py3-none-any.whl.metadata (2.9 kB)
#8 45.95 Collecting markupsafe>=2.1.1 (from Flask>=2.3.0->-r requirements.txt 
(line 1))
#8 46.03   Downloading markupsafe-3.0.3-cp311-cp311-manylinux2014_x86_64.manyli
nux_2_17_x86_64.manylinux_2_28_x86_64.whl.metadata (2.7 kB)
#8 46.11 Collecting werkzeug>=3.1.0 (from Flask>=2.3.0->-r requirements.txt 
(line 1))
#8 46.16   Downloading werkzeug-3.1.8-py3-none-any.whl.metadata (4.0 kB)
#8 46.24 Collecting altair!=5.4.0,!=5.4.1,<7,>=4.0 (from streamlit>=1.25.0->-r 
requirements.txt (line 2))
#8 46.31   Downloading altair-6.0.0-py3-none-any.whl.metadata (11 kB)
#8 46.39 Collecting cachetools<8,>=5.5 (from streamlit>=1.25.0->-r 
requirements.txt (line 2))
#8 46.44   Downloading cachetools-7.0.5-py3-none-any.whl.metadata (5.6 kB)
#8 46.52 Collecting gitpython!=3.1.19,<4,>=3.0.7 (from streamlit>=1.25.0->-r 
requirements.txt (line 2))
#8 46.59   Downloading gitpython-3.1.46-py3-none-any.whl.metadata (13 kB)
#8 46.65 Collecting packaging>=20 (from streamlit>=1.25.0->-r requirements.txt 
(line 2))
#8 46.71   Downloading packaging-26.1-py3-none-any.whl.metadata (3.5 kB)
#8 46.79 Collecting pydeck<1,>=0.8.0b4 (from streamlit>=1.25.0->-r 
requirements.txt (line 2))
#8 46.85   Downloading pydeck-0.9.2-py2.py3-none-any.whl.metadata (4.2 kB)
#8 47.14 Collecting protobuf<8,>=3.20 (from streamlit>=1.25.0->-r 
requirements.txt (line 2))
#8 47.24   Downloading 
protobuf-7.34.1-cp310-abi3-manylinux2014_x86_64.whl.metadata (595 bytes)
#8 47.43 Collecting pyarrow>=7.0 (from streamlit>=1.25.0->-r requirements.txt 
(line 2))
#8 47.49   Downloading 
pyarrow-23.0.1-cp311-cp311-manylinux_2_28_x86_64.whl.metadata (3.1 kB)
#8 47.56 Collecting tenacity<10,>=8.1.0 (from streamlit>=1.25.0->-r 
requirements.txt (line 2))
#8 47.64   Downloading tenacity-9.1.4-py3-none-any.whl.metadata (1.2 kB)
#8 47.69 Collecting toml<2,>=0.10.1 (from streamlit>=1.25.0->-r 
requirements.txt (line 2))
#8 47.73   Downloading toml-0.10.2-py2.py3-none-any.whl.metadata (7.1 kB)
#8 47.84 Collecting tornado!=6.5.0,<7,>=6.0.3 (from streamlit>=1.25.0->-r 
requirements.txt (line 2))
#8 47.91   Downloading tornado-6.5.5-cp39-abi3-manylinux1_x86_64.manylinux_2_28
_x86_64.manylinux_2_5_x86_64.whl.metadata (2.8 kB)
#8 47.98 Collecting typing-extensions<5,>=4.10.0 (from streamlit>=1.25.0->-r 
requirements.txt (line 2))
#8 48.05   Downloading typing_extensions-4.15.0-py3-none-any.whl.metadata (3.3 
kB)
#8 48.17 Collecting watchdog<7,>=2.1.5 (from streamlit>=1.25.0->-r 
requirements.txt (line 2))
#8 48.23   Downloading 
watchdog-6.0.0-py3-none-manylinux2014_x86_64.whl.metadata (44 kB)
#8 48.31 Collecting python-dateutil>=2.8.2 (from pandas>=2.1.0->-r 
requirements.txt (line 3))
#8 48.38   Downloading 
python_dateutil-2.9.0.post0-py2.py3-none-any.whl.metadata (8.4 kB)
#8 48.59 Collecting charset_normalizer<4,>=2 (from requests>=2.31.0->-r 
requirements.txt (line 12))
#8 48.65   Downloading charset_normalizer-3.4.7-cp311-cp311-manylinux2014_x86_6
4.manylinux_2_17_x86_64.manylinux_2_28_x86_64.whl.metadata (40 kB)
#8 48.73 Collecting idna<4,>=2.5 (from requests>=2.31.0->-r requirements.txt 
(line 12))
#8 48.79   Downloading idna-3.11-py3-none-any.whl.metadata (8.4 kB)
#8 48.87 Collecting urllib3<3,>=1.26 (from requests>=2.31.0->-r 
requirements.txt (line 12))
#8 48.92   Downloading urllib3-2.6.3-py3-none-any.whl.metadata (6.9 kB)
#8 49.00 Collecting certifi>=2023.5.7 (from requests>=2.31.0->-r 
requirements.txt (line 12))
#8 49.05   Downloading certifi-2026.2.25-py3-none-any.whl.metadata (2.5 kB)
#8 49.13 Collecting jsonschema>=3.0 (from 
altair!=5.4.0,!=5.4.1,<7,>=4.0->streamlit>=1.25.0->-r requirements.txt (line 
2))
#8 49.19   Downloading jsonschema-4.26.0-py3-none-any.whl.metadata (7.6 kB)
#8 49.27 Collecting narwhals>=1.27.1 (from 
altair!=5.4.0,!=5.4.1,<7,>=4.0->streamlit>=1.25.0->-r requirements.txt (line 
2))
#8 49.35   Downloading narwhals-2.19.0-py3-none-any.whl.metadata (14 kB)
#8 49.42 Collecting gitdb<5,>=4.0.1 (from 
gitpython!=3.1.19,<4,>=3.0.7->streamlit>=1.25.0->-r requirements.txt (line 2))
#8 49.47   Downloading gitdb-4.0.12-py3-none-any.whl.metadata (1.2 kB)
#8 49.57 Collecting smmap<6,>=3.0.1 (from 
gitdb<5,>=4.0.1->gitpython!=3.1.19,<4,>=3.0.7->streamlit>=1.25.0->-r 
requirements.txt (line 2))
#8 49.65   Downloading smmap-5.0.3-py3-none-any.whl.metadata (4.6 kB)
#8 49.96 Collecting matplotlib>=3.3.0 (from ultralytics>=8.0.0->-r 
requirements.txt (line 10))
#8 50.11   Downloading matplotlib-3.10.8-cp311-cp311-manylinux2014_x86_64.manyl
inux_2_17_x86_64.whl.metadata (52 kB)
#8 50.26 Collecting pyyaml>=5.3.1 (from ultralytics>=8.0.0->-r 
requirements.txt (line 10))
#8 50.33   Downloading pyyaml-6.0.3-cp311-cp311-manylinux2014_x86_64.manylinux_
2_17_x86_64.manylinux_2_28_x86_64.whl.metadata (2.4 kB)
#8 50.44 Collecting torch>=1.8.0 (from ultralytics>=8.0.0->-r requirements.txt 
(line 10))
#8 50.50   Downloading 
torch-2.11.0-cp311-cp311-manylinux_2_28_x86_64.whl.metadata (29 kB)
#8 50.68 Collecting torchvision>=0.9.0 (from ultralytics>=8.0.0->-r 
requirements.txt (line 10))
#8 50.74   Downloading 
torchvision-0.26.0-cp311-cp311-manylinux_2_28_x86_64.whl.metadata (5.5 kB)
#8 50.89 Collecting psutil>=5.8.0 (from ultralytics>=8.0.0->-r 
requirements.txt (line 10))
#8 50.93   Downloading psutil-7.2.2-cp36-abi3-manylinux2010_x86_64.manylinux_2_
12_x86_64.manylinux_2_28_x86_64.whl.metadata (22 kB)
#8 51.21 Collecting polars>=0.20.0 (from ultralytics>=8.0.0->-r 
requirements.txt (line 10))
#8 51.28   Downloading polars-1.40.0-py3-none-any.whl.metadata (10 kB)
#8 51.36 Collecting ultralytics-thop>=2.0.18 (from ultralytics>=8.0.0->-r 
requirements.txt (line 10))
#8 51.42   Downloading ultralytics_thop-2.0.18-py3-none-any.whl.metadata (14 
kB)
#8 51.52 Collecting gdown>=3.10.1 (from deepface>=0.0.75->-r requirements.txt 
(line 11))
#8 51.58   Downloading gdown-6.0.0-py3-none-any.whl.metadata (7.4 kB)
#8 51.67 Collecting tqdm>=4.30.0 (from deepface>=0.0.75->-r requirements.txt 
(line 11))
#8 51.72   Downloading tqdm-4.67.3-py3-none-any.whl.metadata (57 kB)
#8 51.94 Collecting tensorflow>=1.9.0 (from deepface>=0.0.75->-r 
requirements.txt (line 11))
#8 52.01   Downloading 
tensorflow-2.21.0-cp311-cp311-manylinux_2_27_x86_64.whl.metadata (4.4 kB)
#8 52.07 Collecting keras>=2.2.0 (from deepface>=0.0.75->-r requirements.txt 
(line 11))
#8 52.12   Downloading keras-3.14.0-py3-none-any.whl.metadata (6.3 kB)
#8 52.19 Collecting flask-cors>=4.0.1 (from deepface>=0.0.75->-r 
requirements.txt (line 11))
#8 52.25   Downloading flask_cors-6.0.2-py3-none-any.whl.metadata (5.3 kB)
#8 52.30 Collecting mtcnn>=0.1.0 (from deepface>=0.0.75->-r requirements.txt 
(line 11))
#8 52.37   Downloading mtcnn-1.0.0-py3-none-any.whl.metadata (5.8 kB)
#8 52.53 Collecting retina-face>=0.0.14 (from deepface>=0.0.75->-r 
requirements.txt (line 11))
#8 52.60   Downloading retina_face-0.0.17-py3-none-any.whl.metadata (10 kB)
#8 52.68 Collecting fire>=0.4.0 (from deepface>=0.0.75->-r requirements.txt 
(line 11))
#8 52.76   Downloading fire-0.7.1-py3-none-any.whl.metadata (5.8 kB)
#8 52.86 Collecting gunicorn>=20.1.0 (from deepface>=0.0.75->-r 
requirements.txt (line 11))
#8 52.92   Downloading gunicorn-25.3.0-py3-none-any.whl.metadata (5.5 kB)
#8 52.97 Collecting lightphe>=0.0.15 (from deepface>=0.0.75->-r 
requirements.txt (line 11))
#8 53.02   Downloading lightphe-0.0.24-py3-none-any.whl.metadata (14 kB)
#8 53.11 Collecting lightdsa>=0.0.3 (from deepface>=0.0.75->-r 
requirements.txt (line 11))
#8 53.20   Downloading lightdsa-0.0.3-py3-none-any.whl.metadata (7.3 kB)
#8 53.28 Collecting python-dotenv>=1.0.1 (from deepface>=0.0.75->-r 
requirements.txt (line 11))
#8 53.35   Downloading python_dotenv-1.2.2-py3-none-any.whl.metadata (27 kB)
#8 53.44 Collecting PyJWT<3.0.0,>=2.0.0 (from twilio>=8.0.0->-r 
requirements.txt (line 13))
#8 53.50   Downloading pyjwt-2.12.1-py3-none-any.whl.metadata (4.1 kB)
#8 54.27 Collecting aiohttp>=3.8.4 (from twilio>=8.0.0->-r requirements.txt 
(line 13))
#8 54.48   Downloading aiohttp-3.13.5-cp311-cp311-manylinux2014_x86_64.manylinu
x_2_17_x86_64.manylinux_2_28_x86_64.whl.metadata (8.1 kB)
#8 54.53 Collecting aiohttp-retry>=2.8.3 (from twilio>=8.0.0->-r 
requirements.txt (line 13))
#8 54.58   Downloading aiohttp_retry-2.9.1-py3-none-any.whl.metadata (8.8 kB)
#8 54.71 Collecting opencv-python-headless (from easyocr>=1.7.0->-r 
requirements.txt (line 14))
#8 54.77   Downloading 
opencv_python_headless-4.13.0.92-cp37-abi3-manylinux_2_28_x86_64.whl.metadata 
(19 kB)
#8 55.01 Collecting scikit-image (from easyocr>=1.7.0->-r requirements.txt 
(line 14))
#8 55.07   Downloading scikit_image-0.26.0-cp311-cp311-manylinux_2_24_x86_64.ma
nylinux_2_28_x86_64.whl.metadata (15 kB)
#8 55.19 Collecting python-bidi (from easyocr>=1.7.0->-r requirements.txt 
(line 14))
#8 55.26   Downloading python_bidi-0.6.7-cp311-cp311-manylinux_2_17_x86_64.many
linux2014_x86_64.whl.metadata (4.9 kB)
#8 55.41 Collecting Shapely (from easyocr>=1.7.0->-r requirements.txt (line 
14))
#8 55.47   Downloading shapely-2.1.2-cp311-cp311-manylinux2014_x86_64.manylinux
_2_17_x86_64.whl.metadata (6.8 kB)
#8 55.56 Collecting pyclipper (from easyocr>=1.7.0->-r requirements.txt (line 
14))
#8 55.61   Downloading pyclipper-1.4.0-cp311-cp311-manylinux2014_x86_64.manylin
ux_2_17_x86_64.whl.metadata (8.6 kB)
#8 55.69 Collecting ninja (from easyocr>=1.7.0->-r requirements.txt (line 14))
#8 55.75   Downloading 
ninja-1.13.0-py3-none-manylinux2014_x86_64.manylinux_2_17_x86_64.whl.metadata 
(5.1 kB)
#8 55.82 Collecting aiohappyeyeballs>=2.5.0 (from 
aiohttp>=3.8.4->twilio>=8.0.0->-r requirements.txt (line 13))
#8 55.89   Downloading aiohappyeyeballs-2.6.1-py3-none-any.whl.metadata (5.9 
kB)
#8 56.20 Collecting aiosignal>=1.4.0 (from aiohttp>=3.8.4->twilio>=8.0.0->-r 
requirements.txt (line 13))
#8 56.25   Downloading aiosignal-1.4.0-py3-none-any.whl.metadata (3.7 kB)
#8 56.32 Collecting attrs>=17.3.0 (from aiohttp>=3.8.4->twilio>=8.0.0->-r 
requirements.txt (line 13))
#8 56.37   Downloading attrs-26.1.0-py3-none-any.whl.metadata (8.8 kB)
#8 56.50 Collecting frozenlist>=1.1.1 (from aiohttp>=3.8.4->twilio>=8.0.0->-r 
requirements.txt (line 13))
#8 56.55   Downloading frozenlist-1.8.0-cp311-cp311-manylinux1_x86_64.manylinux
_2_28_x86_64.manylinux_2_5_x86_64.whl.metadata (20 kB)
#8 56.94 Collecting multidict<7.0,>=4.5 (from 
aiohttp>=3.8.4->twilio>=8.0.0->-r requirements.txt (line 13))
#8 57.16   Downloading multidict-6.7.1-cp311-cp311-manylinux2014_x86_64.manylin
ux_2_17_x86_64.manylinux_2_28_x86_64.whl.metadata (5.3 kB)
#8 57.74 Collecting propcache>=0.2.0 (from aiohttp>=3.8.4->twilio>=8.0.0->-r 
requirements.txt (line 13))
#8 57.80   Downloading propcache-0.4.1-cp311-cp311-manylinux2014_x86_64.manylin
ux_2_17_x86_64.manylinux_2_28_x86_64.whl.metadata (13 kB)
#8 58.45 Collecting yarl<2.0,>=1.17.0 (from aiohttp>=3.8.4->twilio>=8.0.0->-r 
requirements.txt (line 13))
#8 58.61   Downloading yarl-1.23.0-cp311-cp311-manylinux2014_x86_64.manylinux_2
_17_x86_64.manylinux_2_28_x86_64.whl.metadata (79 kB)
#8 58.84 Collecting termcolor (from fire>=0.4.0->deepface>=0.0.75->-r 
requirements.txt (line 11))
#8 58.91   Downloading termcolor-3.3.0-py3-none-any.whl.metadata (6.5 kB)
#8 58.98 Collecting beautifulsoup4 (from gdown>=3.10.1->deepface>=0.0.75->-r 
requirements.txt (line 11))
#8 59.05   Downloading beautifulsoup4-4.14.3-py3-none-any.whl.metadata (3.8 kB)
#8 59.11 Collecting filelock (from gdown>=3.10.1->deepface>=0.0.75->-r 
requirements.txt (line 11))
#8 59.20   Downloading filelock-3.28.0-py3-none-any.whl.metadata (2.0 kB)
#8 59.28 Collecting jsonschema-specifications>=2023.03.6 (from 
jsonschema>=3.0->altair!=5.4.0,!=5.4.1,<7,>=4.0->streamlit>=1.25.0->-r 
requirements.txt (line 2))
#8 59.32   Downloading 
jsonschema_specifications-2025.9.1-py3-none-any.whl.metadata (2.9 kB)
#8 59.43 Collecting referencing>=0.28.4 (from 
jsonschema>=3.0->altair!=5.4.0,!=5.4.1,<7,>=4.0->streamlit>=1.25.0->-r 
requirements.txt (line 2))
#8 59.48   Downloading referencing-0.37.0-py3-none-any.whl.metadata (2.8 kB)
#8 59.93 Collecting rpds-py>=0.25.0 (from 
jsonschema>=3.0->altair!=5.4.0,!=5.4.1,<7,>=4.0->streamlit>=1.25.0->-r 
requirements.txt (line 2))
#8 60.05   Downloading rpds_py-0.30.0-cp311-cp311-manylinux_2_17_x86_64.manylin
ux2014_x86_64.whl.metadata (4.1 kB)
#8 60.12 Collecting absl-py (from keras>=2.2.0->deepface>=0.0.75->-r 
requirements.txt (line 11))
#8 60.18   Downloading absl_py-2.4.0-py3-none-any.whl.metadata (3.3 kB)
#8 60.28 Collecting rich (from keras>=2.2.0->deepface>=0.0.75->-r 
requirements.txt (line 11))
#8 60.34   Downloading rich-15.0.0-py3-none-any.whl.metadata (18 kB)
#8 60.42 Collecting namex (from keras>=2.2.0->deepface>=0.0.75->-r 
requirements.txt (line 11))
#8 60.48   Downloading namex-0.1.0-py3-none-any.whl.metadata (322 bytes)
#8 60.59 Collecting h5py (from keras>=2.2.0->deepface>=0.0.75->-r 
requirements.txt (line 11))
#8 60.65   Downloading 
h5py-3.16.0-cp311-cp311-manylinux_2_28_x86_64.whl.metadata (3.0 kB)
#8 60.82 Collecting optree (from keras>=2.2.0->deepface>=0.0.75->-r 
requirements.txt (line 11))
#8 60.90   Downloading optree-0.19.0-cp311-cp311-manylinux_2_27_x86_64.manylinu
x_2_28_x86_64.whl.metadata (34 kB)
#8 61.07 Collecting ml-dtypes (from keras>=2.2.0->deepface>=0.0.75->-r 
requirements.txt (line 11))
#8 61.13   Downloading ml_dtypes-0.5.4-cp311-cp311-manylinux_2_27_x86_64.manyli
nux_2_28_x86_64.whl.metadata (8.9 kB)
#8 61.21 Collecting lightecc (from lightdsa>=0.0.3->deepface>=0.0.75->-r 
requirements.txt (line 11))
#8 61.28   Downloading lightecc-0.0.6-py3-none-any.whl.metadata (14 kB)
#8 61.36 Collecting sympy (from lightdsa>=0.0.3->deepface>=0.0.75->-r 
requirements.txt (line 11))
#8 61.43   Downloading sympy-1.14.0-py3-none-any.whl.metadata (12 kB)
#8 61.59 Collecting contourpy>=1.0.1 (from 
matplotlib>=3.3.0->ultralytics>=8.0.0->-r requirements.txt (line 10))
#8 61.65   Downloading contourpy-1.3.3-cp311-cp311-manylinux_2_27_x86_64.manyli
nux_2_28_x86_64.whl.metadata (5.5 kB)
#8 61.71 Collecting cycler>=0.10 (from 
matplotlib>=3.3.0->ultralytics>=8.0.0->-r requirements.txt (line 10))
#8 61.79   Downloading cycler-0.12.1-py3-none-any.whl.metadata (3.8 kB)
#8 62.04 Collecting fonttools>=4.22.0 (from 
matplotlib>=3.3.0->ultralytics>=8.0.0->-r requirements.txt (line 10))
#8 62.13   Downloading fonttools-4.62.1-cp311-cp311-manylinux2014_x86_64.manyli
nux_2_17_x86_64.whl.metadata (117 kB)
#8 62.42 Collecting kiwisolver>=1.3.1 (from 
matplotlib>=3.3.0->ultralytics>=8.0.0->-r requirements.txt (line 10))
#8 62.47   Downloading kiwisolver-1.5.0-cp311-cp311-manylinux2014_x86_64.manyli
nux_2_17_x86_64.whl.metadata (5.1 kB)
#8 62.56 Collecting pyparsing>=3 (from 
matplotlib>=3.3.0->ultralytics>=8.0.0->-r requirements.txt (line 10))
#8 62.62   Downloading pyparsing-3.3.2-py3-none-any.whl.metadata (5.8 kB)
#8 62.69 Collecting joblib>=1.4.2 (from mtcnn>=0.1.0->deepface>=0.0.75->-r 
requirements.txt (line 11))
#8 62.73   Downloading joblib-1.5.3-py3-none-any.whl.metadata (5.5 kB)
#8 63.11 Collecting lz4>=4.3.3 (from mtcnn>=0.1.0->deepface>=0.0.75->-r 
requirements.txt (line 11))
#8 63.23   Downloading lz4-4.4.5-cp311-cp311-manylinux2014_x86_64.manylinux_2_1
7_x86_64.manylinux_2_28_x86_64.whl.metadata (3.8 kB)
#8 63.39 Collecting polars-runtime-32==1.40.0 (from 
polars>=0.20.0->ultralytics>=8.0.0->-r requirements.txt (line 10))
#8 63.46   Downloading polars_runtime_32-1.40.0-cp310-abi3-manylinux_2_17_x86_6
4.manylinux2014_x86_64.whl.metadata (1.5 kB)
#8 63.53 Collecting six>=1.5 (from python-dateutil>=2.8.2->pandas>=2.1.0->-r 
requirements.txt (line 3))
#8 63.57   Downloading six-1.17.0-py2.py3-none-any.whl.metadata (1.7 kB)
#8 63.69 Collecting mpmath<1.4,>=1.1.0 (from 
sympy->lightdsa>=0.0.3->deepface>=0.0.75->-r requirements.txt (line 11))
#8 63.73   Downloading mpmath-1.3.0-py3-none-any.whl.metadata (8.6 kB)
#8 63.81 Collecting astunparse>=1.6.0 (from 
tensorflow>=1.9.0->deepface>=0.0.75->-r requirements.txt (line 11))
#8 63.88   Downloading astunparse-1.6.3-py2.py3-none-any.whl.metadata (4.4 kB)
#8 63.94 Collecting flatbuffers>=25.9.23 (from 
tensorflow>=1.9.0->deepface>=0.0.75->-r requirements.txt (line 11))
#8 64.02   Downloading flatbuffers-25.12.19-py2.py3-none-any.whl.metadata (1.0 
kB)
#8 64.10 Collecting gast!=0.5.0,!=0.5.1,!=0.5.2,>=0.2.1 (from 
tensorflow>=1.9.0->deepface>=0.0.75->-r requirements.txt (line 11))
#8 64.17   Downloading gast-0.7.0-py3-none-any.whl.metadata (1.5 kB)
#8 64.22 Collecting google_pasta>=0.1.1 (from 
tensorflow>=1.9.0->deepface>=0.0.75->-r requirements.txt (line 11))
#8 64.31   Downloading google_pasta-0.2.0-py3-none-any.whl.metadata (814 bytes)
#8 64.38 Collecting libclang>=13.0.0 (from 
tensorflow>=1.9.0->deepface>=0.0.75->-r requirements.txt (line 11))
#8 64.45   Downloading 
libclang-18.1.1-py2.py3-none-manylinux2010_x86_64.whl.metadata (5.2 kB)
#8 64.50 Collecting opt_einsum>=2.3.2 (from 
tensorflow>=1.9.0->deepface>=0.0.75->-r requirements.txt (line 11))
#8 64.55   Downloading opt_einsum-3.4.0-py3-none-any.whl.metadata (6.3 kB)
#8 64.56 Requirement already satisfied: setuptools in 
/usr/local/lib/python3.11/site-packages (from 
tensorflow>=1.9.0->deepface>=0.0.75->-r requirements.txt (line 11)) (79.0.1)
#8 64.94 Collecting wrapt>=1.11.0 (from 
tensorflow>=1.9.0->deepface>=0.0.75->-r requirements.txt (line 11))
#8 65.00   Downloading wrapt-2.1.2-cp311-cp311-manylinux1_x86_64.manylinux_2_28
_x86_64.manylinux_2_5_x86_64.whl.metadata (7.4 kB)
#8 65.73 Collecting grpcio<2.0,>=1.24.3 (from 
tensorflow>=1.9.0->deepface>=0.0.75->-r requirements.txt (line 11))
#8 65.96   Downloading grpcio-1.80.0-cp311-cp311-manylinux2014_x86_64.manylinux
_2_17_x86_64.whl.metadata (3.8 kB)
#8 65.96 Collecting h5py (from keras>=2.2.0->deepface>=0.0.75->-r 
requirements.txt (line 11))
#8 66.07   Downloading h5py-3.14.0-cp311-cp311-manylinux_2_17_x86_64.manylinux2
014_x86_64.whl.metadata (2.7 kB)
#8 66.10 Requirement already satisfied: wheel<1.0,>=0.23.0 in 
/usr/local/lib/python3.11/site-packages (from 
astunparse>=1.6.0->tensorflow>=1.9.0->deepface>=0.0.75->-r requirements.txt 
(line 11)) (0.45.1)
#8 66.17 Collecting networkx>=2.5.1 (from torch>=1.8.0->ultralytics>=8.0.0->-r 
requirements.txt (line 10))
#8 66.23   Downloading networkx-3.6.1-py3-none-any.whl.metadata (6.8 kB)
#8 66.32 Collecting fsspec>=0.8.5 (from torch>=1.8.0->ultralytics>=8.0.0->-r 
requirements.txt (line 10))
#8 66.38   Downloading fsspec-2026.3.0-py3-none-any.whl.metadata (10 kB)
#8 66.48 Collecting cuda-toolkit==13.0.2 (from cuda-toolkit[cublas,cudart,cufft
,cufile,cupti,curand,cusolver,cusparse,nvjitlink,nvrtc,nvtx]==13.0.2; 
platform_system == "Linux"->torch>=1.8.0->ultralytics>=8.0.0->-r 
requirements.txt (line 10))
#8 66.52   Downloading cuda_toolkit-13.0.2-py2.py3-none-any.whl.metadata (9.4 
kB)
#8 66.61 Collecting cuda-bindings<14,>=13.0.3 (from 
torch>=1.8.0->ultralytics>=8.0.0->-r requirements.txt (line 10))
#8 66.68   Downloading cuda_bindings-13.2.0-cp311-cp311-manylinux_2_24_x86_64.m
anylinux_2_28_x86_64.whl.metadata (2.3 kB)
#8 66.73 Collecting nvidia-cudnn-cu13==9.19.0.56 (from 
torch>=1.8.0->ultralytics>=8.0.0->-r requirements.txt (line 10))
#8 66.79   Downloading 
nvidia_cudnn_cu13-9.19.0.56-py3-none-manylinux_2_27_x86_64.whl.metadata (1.9 
kB)
#8 66.86 Collecting nvidia-cusparselt-cu13==0.8.0 (from 
torch>=1.8.0->ultralytics>=8.0.0->-r requirements.txt (line 10))
#8 66.90   Downloading 
nvidia_cusparselt_cu13-0.8.0-py3-none-manylinux2014_x86_64.whl.metadata (12 kB)
#8 67.00 Collecting nvidia-nccl-cu13==2.28.9 (from 
torch>=1.8.0->ultralytics>=8.0.0->-r requirements.txt (line 10))
#8 67.08   Downloading 
nvidia_nccl_cu13-2.28.9-py3-none-manylinux_2_18_x86_64.whl.metadata (2.0 kB)
#8 67.12 Collecting nvidia-nvshmem-cu13==3.4.5 (from 
torch>=1.8.0->ultralytics>=8.0.0->-r requirements.txt (line 10))
#8 67.18   Downloading nvidia_nvshmem_cu13-3.4.5-py3-none-manylinux2014_x86_64.
manylinux_2_17_x86_64.whl.metadata (2.1 kB)
#8 67.31 Collecting triton==3.6.0 (from torch>=1.8.0->ultralytics>=8.0.0->-r 
requirements.txt (line 10))
#8 67.36   Downloading triton-3.6.0-cp311-cp311-manylinux_2_27_x86_64.manylinux
_2_28_x86_64.whl.metadata (1.7 kB)
#8 67.43 Collecting nvidia-cublas==13.1.0.3.* (from cuda-toolkit[cublas,cudart,
cufft,cufile,cupti,curand,cusolver,cusparse,nvjitlink,nvrtc,nvtx]==13.0.2; 
platform_system == "Linux"->torch>=1.8.0->ultralytics>=8.0.0->-r 
requirements.txt (line 10))
#8 67.48   Downloading 
nvidia_cublas-13.1.0.3-py3-none-manylinux_2_27_x86_64.whl.metadata (1.7 kB)
#8 67.57 Collecting nvidia-cuda-runtime==13.0.96.* (from cuda-toolkit[cublas,cu
dart,cufft,cufile,cupti,curand,cusolver,cusparse,nvjitlink,nvrtc,nvtx]==13.0.2;
 platform_system == "Linux"->torch>=1.8.0->ultralytics>=8.0.0->-r 
requirements.txt (line 10))
#8 67.62   Downloading nvidia_cuda_runtime-13.0.96-py3-none-manylinux2014_x86_6
4.manylinux_2_17_x86_64.whl.metadata (1.7 kB)
#8 67.68 Collecting nvidia-cufft==12.0.0.61.* (from cuda-toolkit[cublas,cudart,
cufft,cufile,cupti,curand,cusolver,cusparse,nvjitlink,nvrtc,nvtx]==13.0.2; 
platform_system == "Linux"->torch>=1.8.0->ultralytics>=8.0.0->-r 
requirements.txt (line 10))
#8 67.76   Downloading nvidia_cufft-12.0.0.61-py3-none-manylinux2014_x86_64.man
ylinux_2_17_x86_64.whl.metadata (1.8 kB)
#8 67.80 Collecting nvidia-cufile==1.15.1.6.* (from cuda-toolkit[cublas,cudart,
cufft,cufile,cupti,curand,cusolver,cusparse,nvjitlink,nvrtc,nvtx]==13.0.2; 
platform_system == "Linux"->torch>=1.8.0->ultralytics>=8.0.0->-r 
requirements.txt (line 10))
#8 67.92   Downloading nvidia_cufile-1.15.1.6-py3-none-manylinux2014_x86_64.man
ylinux_2_17_x86_64.whl.metadata (1.7 kB)
#8 67.99 Collecting nvidia-cuda-cupti==13.0.85.* (from cuda-toolkit[cublas,cuda
rt,cufft,cufile,cupti,curand,cusolver,cusparse,nvjitlink,nvrtc,nvtx]==13.0.2; 
platform_system == "Linux"->torch>=1.8.0->ultralytics>=8.0.0->-r 
requirements.txt (line 10))
#8 68.06   Downloading 
nvidia_cuda_cupti-13.0.85-py3-none-manylinux_2_25_x86_64.whl.metadata (1.7 kB)
#8 68.10 Collecting nvidia-curand==10.4.0.35.* (from cuda-toolkit[cublas,cudart
,cufft,cufile,cupti,curand,cusolver,cusparse,nvjitlink,nvrtc,nvtx]==13.0.2; 
platform_system == "Linux"->torch>=1.8.0->ultralytics>=8.0.0->-r 
requirements.txt (line 10))
#8 68.16   Downloading 
nvidia_curand-10.4.0.35-py3-none-manylinux_2_27_x86_64.whl.metadata (1.7 kB)
#8 68.25 Collecting nvidia-cusolver==12.0.4.66.* (from cuda-toolkit[cublas,cuda
rt,cufft,cufile,cupti,curand,cusolver,cusparse,nvjitlink,nvrtc,nvtx]==13.0.2; 
platform_system == "Linux"->torch>=1.8.0->ultralytics>=8.0.0->-r 
requirements.txt (line 10))
#8 68.32   Downloading 
nvidia_cusolver-12.0.4.66-py3-none-manylinux_2_27_x86_64.whl.metadata (1.8 kB)
#8 68.40 Collecting nvidia-cusparse==12.6.3.3.* (from cuda-toolkit[cublas,cudar
t,cufft,cufile,cupti,curand,cusolver,cusparse,nvjitlink,nvrtc,nvtx]==13.0.2; 
platform_system == "Linux"->torch>=1.8.0->ultralytics>=8.0.0->-r 
requirements.txt (line 10))
#8 68.44   Downloading nvidia_cusparse-12.6.3.3-py3-none-manylinux2014_x86_64.m
anylinux_2_17_x86_64.whl.metadata (1.8 kB)
#8 68.51 Collecting nvidia-nvjitlink==13.0.88.* (from cuda-toolkit[cublas,cudar
t,cufft,cufile,cupti,curand,cusolver,cusparse,nvjitlink,nvrtc,nvtx]==13.0.2; 
platform_system == "Linux"->torch>=1.8.0->ultralytics>=8.0.0->-r 
requirements.txt (line 10))
#8 68.60   Downloading nvidia_nvjitlink-13.0.88-py3-none-manylinux2010_x86_64.m
anylinux_2_12_x86_64.whl.metadata (1.7 kB)
#8 68.67 Collecting nvidia-cuda-nvrtc==13.0.88.* (from cuda-toolkit[cublas,cuda
rt,cufft,cufile,cupti,curand,cusolver,cusparse,nvjitlink,nvrtc,nvtx]==13.0.2; 
platform_system == "Linux"->torch>=1.8.0->ultralytics>=8.0.0->-r 
requirements.txt (line 10))
#8 68.74   Downloading nvidia_cuda_nvrtc-13.0.88-py3-none-manylinux2010_x86_64.
manylinux_2_12_x86_64.whl.metadata (1.7 kB)
#8 68.83 Collecting nvidia-nvtx==13.0.85.* (from cuda-toolkit[cublas,cudart,cuf
ft,cufile,cupti,curand,cusolver,cusparse,nvjitlink,nvrtc,nvtx]==13.0.2; 
platform_system == "Linux"->torch>=1.8.0->ultralytics>=8.0.0->-r 
requirements.txt (line 10))
#8 68.89   Downloading nvidia_nvtx-13.0.85-py3-none-manylinux1_x86_64.manylinux
_2_5_x86_64.whl.metadata (1.8 kB)
#8 69.01 Collecting cuda-pathfinder~=1.1 (from 
cuda-bindings<14,>=13.0.3->torch>=1.8.0->ultralytics>=8.0.0->-r 
requirements.txt (line 10))
#8 69.06   Downloading cuda_pathfinder-1.5.3-py3-none-any.whl.metadata (1.9 kB)
#8 69.32 Collecting soupsieve>=1.6.1 (from 
beautifulsoup4->gdown>=3.10.1->deepface>=0.0.75->-r requirements.txt (line 11))
#8 69.46   Downloading soupsieve-2.8.3-py3-none-any.whl.metadata (4.6 kB)
#8 69.64 Collecting PySocks!=1.5.7,>=1.5.6 (from 
requests[socks]->gdown>=3.10.1->deepface>=0.0.75->-r requirements.txt (line 
11))
#8 69.73   Downloading PySocks-1.7.1-py3-none-any.whl.metadata (13 kB)
#8 69.79 Collecting markdown-it-py>=2.2.0 (from 
rich->keras>=2.2.0->deepface>=0.0.75->-r requirements.txt (line 11))
#8 69.85   Downloading markdown_it_py-4.0.0-py3-none-any.whl.metadata (7.3 kB)
#8 69.94 Collecting pygments<3.0.0,>=2.13.0 (from 
rich->keras>=2.2.0->deepface>=0.0.75->-r requirements.txt (line 11))
#8 69.98   Downloading pygments-2.20.0-py3-none-any.whl.metadata (2.5 kB)
#8 70.06 Collecting mdurl~=0.1 (from 
markdown-it-py>=2.2.0->rich->keras>=2.2.0->deepface>=0.0.75->-r 
requirements.txt (line 11))
#8 70.15   Downloading mdurl-0.1.2-py3-none-any.whl.metadata (1.6 kB)
#8 70.23 Collecting imageio!=2.35.0,>=2.33 (from 
scikit-image->easyocr>=1.7.0->-r requirements.txt (line 14))
#8 70.29   Downloading imageio-2.37.3-py3-none-any.whl.metadata (9.7 kB)
#8 70.39 Collecting tifffile>=2022.8.12 (from scikit-image->easyocr>=1.7.0->-r 
requirements.txt (line 14))
#8 70.44   Downloading tifffile-2026.3.3-py3-none-any.whl.metadata (31 kB)
#8 70.53 Collecting lazy-loader>=0.4 (from scikit-image->easyocr>=1.7.0->-r 
requirements.txt (line 14))
#8 70.61   Downloading lazy_loader-0.5-py3-none-any.whl.metadata (5.9 kB)
#8 70.70 Downloading flask-3.1.3-py3-none-any.whl (103 kB)
#8 70.85 Downloading streamlit-1.56.0-py3-none-any.whl (9.1 MB)
#8 74.96    ΓöüΓöüΓöüΓöüΓöüΓöüΓöüΓöüΓöüΓöüΓöüΓöüΓöüΓöüΓöüΓöüΓöüΓöüΓöüΓöüΓöüΓöüΓ
öüΓöüΓöüΓöüΓöüΓöüΓöüΓöüΓöüΓöüΓöüΓöüΓöüΓöüΓöüΓöüΓöüΓöü 9.1/9.1 MB 2.3 MB/s  
0:00:04
#8 75.00 Downloading 
pandas-3.0.2-cp311-cp311-manylinux_2_24_x86_64.manylinux_2_28_x86_64.whl (11.3 
MB)
#8 79.11    ΓöüΓöüΓöüΓöüΓöüΓöüΓöüΓöüΓöüΓöüΓöüΓöüΓöüΓöüΓöüΓöüΓöüΓöüΓöüΓöüΓöüΓöüΓ
öüΓöüΓöüΓöüΓöüΓöüΓöüΓöüΓöüΓöüΓöüΓöüΓöüΓöüΓöüΓöüΓöüΓöü 11.3/11.3 MB 2.7 MB/s  
0:00:04
#8 79.19 Downloading 
pillow-12.2.0-cp311-cp311-manylinux_2_27_x86_64.manylinux_2_28_x86_64.whl (7.1 
MB)
#8 82.82    ΓöüΓöüΓöüΓöüΓöüΓöüΓöüΓöüΓöüΓöüΓöüΓöüΓöüΓöüΓöüΓöüΓöüΓöüΓöüΓöüΓöüΓöüΓ
öüΓöüΓöüΓöüΓöüΓöüΓöüΓöüΓöüΓöüΓöüΓöüΓöüΓöüΓöüΓöüΓöüΓöü 7.1/7.1 MB 1.9 MB/s  
0:00:03
#8 82.90 Downloading 
numpy-2.4.4-cp311-cp311-manylinux_2_27_x86_64.manylinux_2_28_x86_64.whl (16.9 
MB)
#8 88.49    ΓöüΓöüΓöüΓöüΓöüΓöüΓöüΓöüΓöüΓöüΓöüΓöüΓöüΓöüΓöüΓöüΓöüΓöüΓöüΓöüΓöüΓöüΓ
öüΓöüΓöüΓöüΓöüΓöüΓöüΓöüΓöüΓöüΓöüΓöüΓöüΓöüΓöüΓöüΓöüΓöü 16.9/16.9 MB 3.0 MB/s  
0:00:05
#8 88.53 Downloading requests-2.33.1-py3-none-any.whl (64 kB)
#8 88.59 Downloading altair-6.0.0-py3-none-any.whl (795 kB)
#8 88.86    ΓöüΓöüΓöüΓöüΓöüΓöüΓöüΓöüΓöüΓöüΓöüΓöüΓöüΓöüΓöüΓöüΓöüΓöüΓöüΓöüΓöüΓöüΓ
öüΓöüΓöüΓöüΓöüΓöüΓöüΓöüΓöüΓöüΓöüΓöüΓöüΓöüΓöüΓöüΓöüΓöü 795.4/795.4 kB 2.4 MB/s  
0:00:00
#8 88.90 Downloading blinker-1.9.0-py3-none-any.whl (8.5 kB)
#8 88.94 Downloading cachetools-7.0.5-py3-none-any.whl (13 kB)
#8 88.98 Downloading charset_normalizer-3.4.7-cp311-cp311-manylinux2014_x86_64.
manylinux_2_17_x86_64.manylinux_2_28_x86_64.whl (214 kB)
#8 89.09 Downloading click-8.3.2-py3-none-any.whl (108 kB)
#8 89.16 Downloading gitpython-3.1.46-py3-none-any.whl (208 kB)
#8 89.26 Downloading gitdb-4.0.12-py3-none-any.whl (62 kB)
#8 89.31 Downloading idna-3.11-py3-none-any.whl (71 kB)
#8 89.39 Downloading protobuf-7.34.1-cp310-abi3-manylinux2014_x86_64.whl (324 
kB)
#8 89.49 Downloading pydeck-0.9.2-py2.py3-none-any.whl (11.3 MB)
#8 93.34    ΓöüΓöüΓöüΓöüΓöüΓöüΓöüΓöüΓöüΓöüΓöüΓöüΓöüΓöüΓöüΓöüΓöüΓöüΓöüΓöüΓöüΓöüΓ
öüΓöüΓöüΓöüΓöüΓöüΓöüΓöüΓöüΓöüΓöüΓöüΓöüΓöüΓöüΓöüΓöüΓöü 11.3/11.3 MB 2.9 MB/s  
0:00:03
#8 93.38 Downloading smmap-5.0.3-py3-none-any.whl (24 kB)
#8 93.50 Downloading tenacity-9.1.4-py3-none-any.whl (28 kB)
#8 93.55 Downloading toml-0.10.2-py2.py3-none-any.whl (16 kB)
#8 93.60 Downloading tornado-6.5.5-cp39-abi3-manylinux1_x86_64.manylinux_2_28_x
86_64.manylinux_2_5_x86_64.whl (447 kB)
#8 93.79 Downloading typing_extensions-4.15.0-py3-none-any.whl (44 kB)
#8 93.87 Downloading urllib3-2.6.3-py3-none-any.whl (131 kB)
#8 93.95 Downloading watchdog-6.0.0-py3-none-manylinux2014_x86_64.whl (79 kB)
#8 94.05 Downloading plotly-6.7.0-py3-none-any.whl (9.9 MB)
#8 97.05    ΓöüΓöüΓöüΓöüΓöüΓöüΓöüΓöüΓöüΓöüΓöüΓöüΓöüΓöüΓöüΓöüΓöüΓöüΓöüΓöüΓöüΓöüΓ
öüΓöüΓöüΓöüΓöüΓöüΓöüΓöüΓöüΓöüΓöüΓöüΓöüΓöüΓöüΓöüΓöüΓöü 9.9/9.9 MB 3.3 MB/s  
0:00:02
#8 97.08 Downloading 
opencv_python-4.13.0.92-cp37-abi3-manylinux_2_28_x86_64.whl (72.9 MB)
#8 125.8    ΓöüΓöüΓöüΓöüΓöüΓöüΓöüΓöüΓöüΓöüΓöüΓöüΓöüΓöüΓöüΓöüΓöüΓöüΓöüΓöüΓöüΓöüΓ
öüΓöüΓöüΓöüΓöüΓöüΓöüΓöüΓöüΓöüΓöüΓöüΓöüΓöüΓöüΓöüΓöüΓöü 72.9/72.9 MB 2.5 MB/s  
0:00:28
#8 125.8 Downloading 
scipy-1.17.1-cp311-cp311-manylinux_2_27_x86_64.manylinux_2_28_x86_64.whl (35.3 
MB)
#8 135.9    ΓöüΓöüΓöüΓöüΓöüΓöüΓöüΓöüΓöüΓöüΓöüΓöüΓöüΓöüΓöüΓöüΓöüΓöüΓöüΓöüΓöüΓöüΓ
öüΓöüΓöüΓöüΓöüΓöüΓöüΓöüΓöüΓöüΓöüΓöüΓöüΓöüΓöüΓöüΓöüΓöü 35.3/35.3 MB 3.5 MB/s  
0:00:10
#8 135.9 Downloading ultralytics-8.4.38-py3-none-any.whl (1.2 MB)
#8 136.2    ΓöüΓöüΓöüΓöüΓöüΓöüΓöüΓöüΓöüΓöüΓöüΓöüΓöüΓöüΓöüΓöüΓöüΓöüΓöüΓöüΓöüΓöüΓ
öüΓöüΓöüΓöüΓöüΓöüΓöüΓöüΓöüΓöüΓöüΓöüΓöüΓöüΓöüΓöüΓöüΓöü 1.2/1.2 MB 5.0 MB/s  
0:00:00
#8 136.3 Downloading deepface-0.0.99-py3-none-any.whl (169 kB)
#8 136.5 Downloading twilio-9.10.5-py2.py3-none-any.whl (2.3 MB)
#8 137.3    ΓöüΓöüΓöüΓöüΓöüΓöüΓöüΓöüΓöüΓöüΓöüΓöüΓöüΓöüΓöüΓöüΓöüΓöüΓöüΓöüΓöüΓöüΓ
öüΓöüΓöüΓöüΓöüΓöüΓöüΓöüΓöüΓöüΓöüΓöüΓöüΓöüΓöüΓöüΓöüΓöü 2.3/2.3 MB 3.0 MB/s  
0:00:00
#8 137.3 Downloading pyjwt-2.12.1-py3-none-any.whl (29 kB)
#8 137.3 Downloading easyocr-1.7.2-py3-none-any.whl (2.9 MB)
#8 138.2    ΓöüΓöüΓöüΓöüΓöüΓöüΓöüΓöüΓöüΓöüΓöüΓöüΓöüΓöüΓöüΓöüΓöüΓöüΓöüΓöüΓöüΓöüΓ
öüΓöüΓöüΓöüΓöüΓöüΓöüΓöüΓöüΓöüΓöüΓöüΓöüΓöüΓöüΓöüΓöüΓöü 2.9/2.9 MB 3.4 MB/s  
0:00:00
#8 138.3 Downloading psycopg2_binary-2.9.11-cp311-cp311-manylinux2014_x86_64.ma
nylinux_2_17_x86_64.whl (4.2 MB)
#8 139.5    ΓöüΓöüΓöüΓöüΓöüΓöüΓöüΓöüΓöüΓöüΓöüΓöüΓöüΓöüΓöüΓöüΓöüΓöüΓöüΓöüΓöüΓöüΓ
öüΓöüΓöüΓöüΓöüΓöüΓöüΓöüΓöüΓöüΓöüΓöüΓöüΓöüΓöüΓöüΓöüΓöü 4.2/4.2 MB 3.4 MB/s  
0:00:01
#8 139.6 Downloading reportlab-4.4.10-py3-none-any.whl (2.0 MB)
#8 140.1    ΓöüΓöüΓöüΓöüΓöüΓöüΓöüΓöüΓöüΓöüΓöüΓöüΓöüΓöüΓöüΓöüΓöüΓöüΓöüΓöüΓöüΓöüΓ
öüΓöüΓöüΓöüΓöüΓöüΓöüΓöüΓöüΓöüΓöüΓöüΓöüΓöüΓöüΓöüΓöüΓöü 2.0/2.0 MB 3.2 MB/s  
0:00:00
#8 140.2 Downloading schedule-1.2.2-py3-none-any.whl (12 kB)
#8 140.3 Downloading aiohttp-3.13.5-cp311-cp311-manylinux2014_x86_64.manylinux_
2_17_x86_64.manylinux_2_28_x86_64.whl (1.8 MB)
#8 140.7    ΓöüΓöüΓöüΓöüΓöüΓöüΓöüΓöüΓöüΓöüΓöüΓöüΓöüΓöüΓöüΓöüΓöüΓöüΓöüΓöüΓöüΓöüΓ
öüΓöüΓöüΓöüΓöüΓöüΓöüΓöüΓöüΓöüΓöüΓöüΓöüΓöüΓöüΓöüΓöüΓöü 1.8/1.8 MB 3.7 MB/s  
0:00:00
#8 140.8 Downloading multidict-6.7.1-cp311-cp311-manylinux2014_x86_64.manylinux
_2_17_x86_64.manylinux_2_28_x86_64.whl (246 kB)
#8 140.9 Downloading yarl-1.23.0-cp311-cp311-manylinux2014_x86_64.manylinux_2_1
7_x86_64.manylinux_2_28_x86_64.whl (102 kB)
#8 141.0 Downloading aiohappyeyeballs-2.6.1-py3-none-any.whl (15 kB)
#8 141.1 Downloading aiohttp_retry-2.9.1-py3-none-any.whl (10.0 kB)
#8 141.1 Downloading aiosignal-1.4.0-py3-none-any.whl (7.5 kB)
#8 141.2 Downloading attrs-26.1.0-py3-none-any.whl (67 kB)
#8 141.3 Downloading certifi-2026.2.25-py3-none-any.whl (153 kB)
#8 141.4 Downloading fire-0.7.1-py3-none-any.whl (115 kB)
#8 141.4 Downloading flask_cors-6.0.2-py3-none-any.whl (13 kB)
#8 141.5 Downloading frozenlist-1.8.0-cp311-cp311-manylinux1_x86_64.manylinux_2
_28_x86_64.manylinux_2_5_x86_64.whl (231 kB)
#8 141.6 Downloading gdown-6.0.0-py3-none-any.whl (18 kB)
#8 141.7 Downloading gunicorn-25.3.0-py3-none-any.whl (208 kB)
#8 141.8 Downloading itsdangerous-2.2.0-py3-none-any.whl (16 kB)
#8 141.8 Downloading jinja2-3.1.6-py3-none-any.whl (134 kB)
#8 141.9 Downloading jsonschema-4.26.0-py3-none-any.whl (90 kB)
#8 142.0 Downloading jsonschema_specifications-2025.9.1-py3-none-any.whl (18 
kB)
#8 142.0 Downloading keras-3.14.0-py3-none-any.whl (1.6 MB)
#8 142.5    ΓöüΓöüΓöüΓöüΓöüΓöüΓöüΓöüΓöüΓöüΓöüΓöüΓöüΓöüΓöüΓöüΓöüΓöüΓöüΓöüΓöüΓöüΓ
öüΓöüΓöüΓöüΓöüΓöüΓöüΓöüΓöüΓöüΓöüΓöüΓöüΓöüΓöüΓöüΓöüΓöü 1.6/1.6 MB 3.5 MB/s  
0:00:00
#8 142.5 Downloading lightdsa-0.0.3-py3-none-any.whl (17 kB)
#8 142.6 Downloading lightphe-0.0.24-py3-none-any.whl (70 kB)
#8 142.6 Downloading lightecc-0.0.6-py3-none-any.whl (51 kB)
#8 142.8 Downloading markupsafe-3.0.3-cp311-cp311-manylinux2014_x86_64.manylinu
x_2_17_x86_64.manylinux_2_28_x86_64.whl (22 kB)
#8 142.8 Downloading 
matplotlib-3.10.8-cp311-cp311-manylinux2014_x86_64.manylinux_2_17_x86_64.whl 
(8.7 MB)
#8 145.6    ΓöüΓöüΓöüΓöüΓöüΓöüΓöüΓöüΓöüΓöüΓöüΓöüΓöüΓöüΓöüΓöüΓöüΓöüΓöüΓöüΓöüΓöüΓ
öüΓöüΓöüΓöüΓöüΓöüΓöüΓöüΓöüΓöüΓöüΓöüΓöüΓöüΓöüΓöüΓöüΓöü 8.7/8.7 MB 3.1 MB/s  
0:00:02
#8 145.6 Downloading 
contourpy-1.3.3-cp311-cp311-manylinux_2_27_x86_64.manylinux_2_28_x86_64.whl 
(355 kB)
#8 145.8 Downloading cycler-0.12.1-py3-none-any.whl (8.3 kB)
#8 145.9 Downloading 
fonttools-4.62.1-cp311-cp311-manylinux2014_x86_64.manylinux_2_17_x86_64.whl 
(5.1 MB)
#8 147.3    ΓöüΓöüΓöüΓöüΓöüΓöüΓöüΓöüΓöüΓöüΓöüΓöüΓöüΓöüΓöüΓöüΓöüΓöüΓöüΓöüΓöüΓöüΓ
öüΓöüΓöüΓöüΓöüΓöüΓöüΓöüΓöüΓöüΓöüΓöüΓöüΓöüΓöüΓöüΓöüΓöü 5.1/5.1 MB 3.4 MB/s  
0:00:01
#8 147.4 Downloading 
kiwisolver-1.5.0-cp311-cp311-manylinux2014_x86_64.manylinux_2_17_x86_64.whl 
(1.4 MB)
#8 147.9    ΓöüΓöüΓöüΓöüΓöüΓöüΓöüΓöüΓöüΓöüΓöüΓöüΓöüΓöüΓöüΓöüΓöüΓöüΓöüΓöüΓöüΓöüΓ
öüΓöüΓöüΓöüΓöüΓöüΓöüΓöüΓöüΓöüΓöüΓöüΓöüΓöüΓöüΓöüΓöüΓöü 1.4/1.4 MB 3.0 MB/s  
0:00:00
#8 148.0 Downloading mtcnn-1.0.0-py3-none-any.whl (1.9 MB)
#8 148.6    ΓöüΓöüΓöüΓöüΓöüΓöüΓöüΓöüΓöüΓöüΓöüΓöüΓöüΓöüΓöüΓöüΓöüΓöüΓöüΓöüΓöüΓöüΓ
öüΓöüΓöüΓöüΓöüΓöüΓöüΓöüΓöüΓöüΓöüΓöüΓöüΓöüΓöüΓöüΓöüΓöü 1.9/1.9 MB 3.2 MB/s  
0:00:00
#8 148.6 Downloading joblib-1.5.3-py3-none-any.whl (309 kB)
#8 148.8 Downloading lz4-4.4.5-cp311-cp311-manylinux2014_x86_64.manylinux_2_17_
x86_64.manylinux_2_28_x86_64.whl (1.4 MB)
#8 149.2    ΓöüΓöüΓöüΓöüΓöüΓöüΓöüΓöüΓöüΓöüΓöüΓöüΓöüΓöüΓöüΓöüΓöüΓöüΓöüΓöüΓöüΓöüΓ
öüΓöüΓöüΓöüΓöüΓöüΓöüΓöüΓöüΓöüΓöüΓöüΓöüΓöüΓöüΓöüΓöüΓöü 1.4/1.4 MB 3.8 MB/s  
0:00:00
#8 149.3 Downloading narwhals-2.19.0-py3-none-any.whl (446 kB)
#8 149.4 Downloading packaging-26.1-py3-none-any.whl (95 kB)
#8 149.5 Downloading polars-1.40.0-py3-none-any.whl (828 kB)
#8 149.7    ΓöüΓöüΓöüΓöüΓöüΓöüΓöüΓöüΓöüΓöüΓöüΓöüΓöüΓöüΓöüΓöüΓöüΓöüΓöüΓöüΓöüΓöüΓ
öüΓöüΓöüΓöüΓöüΓöüΓöüΓöüΓöüΓöüΓöüΓöüΓöüΓöüΓöüΓöüΓöüΓöü 828.0/828.0 kB 4.1 MB/s  
0:00:00
#8 149.8 Downloading polars_runtime_32-1.40.0-cp310-abi3-manylinux_2_17_x86_64.
manylinux2014_x86_64.whl (56.2 MB)
#8 165.0    ΓöüΓöüΓöüΓöüΓöüΓöüΓöüΓöüΓöüΓöüΓöüΓöüΓöüΓöüΓöüΓöüΓöüΓöüΓöüΓöüΓöüΓöüΓ
öüΓöüΓöüΓöüΓöüΓöüΓöüΓöüΓöüΓöüΓöüΓöüΓöüΓöüΓöüΓöüΓöüΓöü 56.2/56.2 MB 3.7 MB/s  
0:00:15
#8 165.1 Downloading propcache-0.4.1-cp311-cp311-manylinux2014_x86_64.manylinux
_2_17_x86_64.manylinux_2_28_x86_64.whl (210 kB)
#8 165.2 Downloading psutil-7.2.2-cp36-abi3-manylinux2010_x86_64.manylinux_2_12
_x86_64.manylinux_2_28_x86_64.whl (155 kB)
#8 165.3 Downloading pyarrow-23.0.1-cp311-cp311-manylinux_2_28_x86_64.whl 
(47.6 MB)
#8 184.4    ΓöüΓöüΓöüΓöüΓöüΓöüΓöüΓöüΓöüΓöüΓöüΓöüΓöüΓöüΓöüΓöüΓöüΓöüΓöüΓöüΓöüΓöüΓ
öüΓöüΓöüΓöüΓöüΓöüΓöüΓöüΓöüΓöüΓöüΓöüΓöüΓöüΓöüΓöüΓöüΓöü 47.6/47.6 MB 2.5 MB/s  
0:00:19
#8 184.4 Downloading pyparsing-3.3.2-py3-none-any.whl (122 kB)
#8 184.5 Downloading python_dateutil-2.9.0.post0-py2.py3-none-any.whl (229 kB)
#8 184.7 Downloading python_dotenv-1.2.2-py3-none-any.whl (22 kB)
#8 184.7 Downloading pyyaml-6.0.3-cp311-cp311-manylinux2014_x86_64.manylinux_2_
17_x86_64.manylinux_2_28_x86_64.whl (806 kB)
#8 185.1    ΓöüΓöüΓöüΓöüΓöüΓöüΓöüΓöüΓöüΓöüΓöüΓöüΓöüΓöüΓöüΓöüΓöüΓöüΓöüΓöüΓöüΓöüΓ
öüΓöüΓöüΓöüΓöüΓöüΓöüΓöüΓöüΓöüΓöüΓöüΓöüΓöüΓöüΓöüΓöüΓöü 806.6/806.6 kB 2.3 MB/s  
0:00:00
#8 185.1 Downloading referencing-0.37.0-py3-none-any.whl (26 kB)
#8 185.1 Downloading retina_face-0.0.17-py3-none-any.whl (25 kB)
#8 185.2 Downloading 
rpds_py-0.30.0-cp311-cp311-manylinux_2_17_x86_64.manylinux2014_x86_64.whl (390 
kB)
#8 185.4 Downloading six-1.17.0-py2.py3-none-any.whl (11 kB)
#8 185.5 Downloading sympy-1.14.0-py3-none-any.whl (6.3 MB)
#8 188.2    ΓöüΓöüΓöüΓöüΓöüΓöüΓöüΓöüΓöüΓöüΓöüΓöüΓöüΓöüΓöüΓöüΓöüΓöüΓöüΓöüΓöüΓöüΓ
öüΓöüΓöüΓöüΓöüΓöüΓöüΓöüΓöüΓöüΓöüΓöüΓöüΓöüΓöüΓöüΓöüΓöü 6.3/6.3 MB 2.3 MB/s  
0:00:02
#8 188.2 Downloading mpmath-1.3.0-py3-none-any.whl (536 kB)
#8 188.5    ΓöüΓöüΓöüΓöüΓöüΓöüΓöüΓöüΓöüΓöüΓöüΓöüΓöüΓöüΓöüΓöüΓöüΓöüΓöüΓöüΓöüΓöüΓ
öüΓöüΓöüΓöüΓöüΓöüΓöüΓöüΓöüΓöüΓöüΓöüΓöüΓöüΓöüΓöüΓöüΓöü 536.2/536.2 kB 2.4 MB/s  
0:00:00
#8 188.5 Downloading tensorflow-2.21.0-cp311-cp311-manylinux_2_27_x86_64.whl 
(572.4 MB)
#8 298.2    ΓöüΓöüΓöüΓöüΓöüΓöüΓöüΓöüΓöüΓöüΓöüΓöüΓöüΓöüΓöüΓöüΓöüΓöüΓöüΓöüΓöüΓöüΓ
öüΓöüΓöüΓöüΓöüΓöüΓöüΓöüΓöüΓöüΓöüΓöüΓöüΓöüΓöüΓöüΓöüΓöü 572.4/572.4 MB 5.5 MB/s  
0:01:49
#8 298.2 Downloading 
grpcio-1.80.0-cp311-cp311-manylinux2014_x86_64.manylinux_2_17_x86_64.whl (6.8 
MB)
#8 299.4    ΓöüΓöüΓöüΓöüΓöüΓöüΓöüΓöüΓöüΓöüΓöüΓöüΓöüΓöüΓöüΓöüΓöüΓöüΓöüΓöüΓöüΓöüΓ
öüΓöüΓöüΓöüΓöüΓöüΓöüΓöüΓöüΓöüΓöüΓöüΓöüΓöüΓöüΓöüΓöüΓöü 6.8/6.8 MB 5.7 MB/s  
0:00:01
#8 299.5 Downloading 
h5py-3.14.0-cp311-cp311-manylinux_2_17_x86_64.manylinux2014_x86_64.whl (4.5 MB)
#8 300.2    ΓöüΓöüΓöüΓöüΓöüΓöüΓöüΓöüΓöüΓöüΓöüΓöüΓöüΓöüΓöüΓöüΓöüΓöüΓöüΓöüΓöüΓöüΓ
öüΓöüΓöüΓöüΓöüΓöüΓöüΓöüΓöüΓöüΓöüΓöüΓöüΓöüΓöüΓöüΓöüΓöü 4.5/4.5 MB 6.2 MB/s  
0:00:00
#8 300.3 Downloading 
ml_dtypes-0.5.4-cp311-cp311-manylinux_2_27_x86_64.manylinux_2_28_x86_64.whl 
(5.0 MB)
#8 301.3    ΓöüΓöüΓöüΓöüΓöüΓöüΓöüΓöüΓöüΓöüΓöüΓöüΓöüΓöüΓöüΓöüΓöüΓöüΓöüΓöüΓöüΓöüΓ
öüΓöüΓöüΓöüΓöüΓöüΓöüΓöüΓöüΓöüΓöüΓöüΓöüΓöüΓöüΓöüΓöüΓöü 5.0/5.0 MB 5.2 MB/s  
0:00:00
#8 301.3 Downloading absl_py-2.4.0-py3-none-any.whl (135 kB)
#8 301.4 Downloading astunparse-1.6.3-py2.py3-none-any.whl (12 kB)
#8 301.4 Downloading flatbuffers-25.12.19-py2.py3-none-any.whl (26 kB)
#8 301.5 Downloading gast-0.7.0-py3-none-any.whl (22 kB)
#8 301.5 Downloading google_pasta-0.2.0-py3-none-any.whl (57 kB)
#8 301.6 Downloading libclang-18.1.1-py2.py3-none-manylinux2010_x86_64.whl 
(24.5 MB)
#8 306.1    ΓöüΓöüΓöüΓöüΓöüΓöüΓöüΓöüΓöüΓöüΓöüΓöüΓöüΓöüΓöüΓöüΓöüΓöüΓöüΓöüΓöüΓöüΓ
öüΓöüΓöüΓöüΓöüΓöüΓöüΓöüΓöüΓöüΓöüΓöüΓöüΓöüΓöüΓöüΓöüΓöü 24.5/24.5 MB 5.4 MB/s  
0:00:04
#8 306.1 Downloading opt_einsum-3.4.0-py3-none-any.whl (71 kB)
#8 306.2 Downloading termcolor-3.3.0-py3-none-any.whl (7.7 kB)
#8 306.2 Downloading torch-2.11.0-cp311-cp311-manylinux_2_28_x86_64.whl (530.6 
MB)
#8 483.4    ΓöüΓöüΓöüΓöüΓöüΓöüΓöüΓöüΓöüΓöüΓöüΓöüΓöüΓöüΓöüΓöüΓöüΓöüΓöüΓöüΓöüΓöüΓ
öüΓöüΓöüΓöüΓöüΓöüΓöüΓöüΓöüΓöüΓöüΓöüΓöüΓöüΓöüΓöüΓöüΓöü 530.6/530.6 MB 3.9 MB/s  
0:02:57
#8 483.5 Downloading cuda_toolkit-13.0.2-py2.py3-none-any.whl (2.4 kB)
#8 483.5 Downloading 
nvidia_cudnn_cu13-9.19.0.56-py3-none-manylinux_2_27_x86_64.whl (366.1 MB)
#8 578.5    ΓöüΓöüΓöüΓöüΓöüΓöüΓöüΓöüΓöüΓöüΓöüΓöüΓöüΓöüΓöüΓöüΓöüΓöüΓöüΓöüΓöüΓöüΓ
öüΓöüΓöüΓöüΓöüΓöüΓöüΓöüΓöüΓöüΓöüΓöüΓöüΓöüΓöüΓöüΓöüΓöü 366.1/366.1 MB 3.8 MB/s  
0:01:34
#8 578.6 Downloading 
nvidia_cusparselt_cu13-0.8.0-py3-none-manylinux2014_x86_64.whl (169.9 MB)
#8 622.6    ΓöüΓöüΓöüΓöüΓöüΓöüΓöüΓöüΓöüΓöüΓöüΓöüΓöüΓöüΓöüΓöüΓöüΓöüΓöüΓöüΓöüΓöüΓ
öüΓöüΓöüΓöüΓöüΓöüΓöüΓöüΓöüΓöüΓöüΓöüΓöüΓöüΓöüΓöüΓöüΓöü 169.9/169.9 MB 3.9 MB/s  
0:00:44
#8 622.6 Downloading 
nvidia_nccl_cu13-2.28.9-py3-none-manylinux_2_18_x86_64.whl (196.5 MB)
#8 674.7    ΓöüΓöüΓöüΓöüΓöüΓöüΓöüΓöüΓöüΓöüΓöüΓöüΓöüΓöüΓöüΓöüΓöüΓöüΓöüΓöüΓöüΓöüΓ
öüΓöüΓöüΓöüΓöüΓöüΓöüΓöüΓöüΓöüΓöüΓöüΓöüΓöüΓöüΓöüΓöüΓöü 196.5/196.5 MB 3.8 MB/s  
0:00:52
#8 674.8 Downloading nvidia_nvshmem_cu13-3.4.5-py3-none-manylinux2014_x86_64.ma
nylinux_2_17_x86_64.whl (60.4 MB)
#8 691.7    ΓöüΓöüΓöüΓöüΓöüΓöüΓöüΓöüΓöüΓöüΓöüΓöüΓöüΓöüΓöüΓöüΓöüΓöüΓöüΓöüΓöüΓöüΓ
öüΓöüΓöüΓöüΓöüΓöüΓöüΓöüΓöüΓöüΓöüΓöüΓöüΓöüΓöüΓöüΓöüΓöü 60.4/60.4 MB 3.6 MB/s  
0:00:16
#8 691.9 Downloading 
triton-3.6.0-cp311-cp311-manylinux_2_27_x86_64.manylinux_2_28_x86_64.whl 
(188.2 MB)
#8 748.3    ΓöüΓöüΓöüΓöüΓöüΓöüΓöüΓöüΓöüΓöüΓöüΓöüΓöüΓöüΓöüΓöüΓöüΓöüΓöüΓöüΓöüΓöüΓ
öüΓöüΓöüΓöüΓöüΓöüΓöüΓöüΓöüΓöüΓöüΓöüΓöüΓöüΓöüΓöüΓöüΓöü 188.2/188.2 MB 3.4 MB/s  
0:00:56
#8 748.3 Downloading cuda_bindings-13.2.0-cp311-cp311-manylinux_2_24_x86_64.man
ylinux_2_28_x86_64.whl (6.3 MB)
#8 750.3    ΓöüΓöüΓöüΓöüΓöüΓöüΓöüΓöüΓöüΓöüΓöüΓöüΓöüΓöüΓöüΓöüΓöüΓöüΓöüΓöüΓöüΓöüΓ
öüΓöüΓöüΓöüΓöüΓöüΓöüΓöüΓöüΓöüΓöüΓöüΓöüΓöüΓöüΓöüΓöüΓöü 6.3/6.3 MB 3.3 MB/s  
0:00:01
#8 750.3 Downloading cuda_pathfinder-1.5.3-py3-none-any.whl (49 kB)
#8 750.3 Downloading nvidia_cublas-13.1.0.3-py3-none-manylinux_2_27_x86_64.whl 
(423.1 MB)
#8 897.3    ΓöüΓöüΓöüΓöüΓöüΓöüΓöüΓöüΓöüΓöüΓöüΓöüΓöüΓöüΓöüΓöüΓöüΓöüΓöüΓöüΓöüΓöüΓ
öüΓöüΓöüΓöüΓöüΓöüΓöüΓöüΓöüΓöüΓöüΓöüΓöüΓöüΓöüΓöüΓöüΓöü 423.1/423.1 MB 2.7 MB/s  
0:02:27
#8 897.4 Downloading 
nvidia_cuda_cupti-13.0.85-py3-none-manylinux_2_25_x86_64.whl (10.7 MB)
#8 900.0    ΓöüΓöüΓöüΓöüΓöüΓöüΓöüΓöüΓöüΓöüΓöüΓöüΓöüΓöüΓöüΓöüΓöüΓöüΓöüΓöüΓöüΓöüΓ
öüΓöüΓöüΓöüΓöüΓöüΓöüΓöüΓöüΓöüΓöüΓöüΓöüΓöüΓöüΓöüΓöüΓöü 10.7/10.7 MB 4.1 MB/s  
0:00:02
#8 900.1 Downloading nvidia_cuda_nvrtc-13.0.88-py3-none-manylinux2010_x86_64.ma
nylinux_2_12_x86_64.whl (90.2 MB)
#8 926.6    ΓöüΓöüΓöüΓöüΓöüΓöüΓöüΓöüΓöüΓöüΓöüΓöüΓöüΓöüΓöüΓöüΓöüΓöüΓöüΓöüΓöüΓöüΓ
öüΓöüΓöüΓöüΓöüΓöüΓöüΓöüΓöüΓöüΓöüΓöüΓöüΓöüΓöüΓöüΓöüΓöü 90.2/90.2 MB 3.4 MB/s  
0:00:26
#8 926.9 Downloading nvidia_cuda_runtime-13.0.96-py3-none-manylinux2014_x86_64.
manylinux_2_17_x86_64.whl (2.2 MB)
#8 927.7    ΓöüΓöüΓöüΓöüΓöüΓöüΓöüΓöüΓöüΓöüΓöüΓöüΓöüΓöüΓöüΓöüΓöüΓöüΓöüΓöüΓöüΓöüΓ
öüΓöüΓöüΓöüΓöüΓöüΓöüΓöüΓöüΓöüΓöüΓöüΓöüΓöüΓöüΓöüΓöüΓöü 2.2/2.2 MB 3.2 MB/s  
0:00:00
#8 927.8 Downloading 
nvidia_cufft-12.0.0.61-py3-none-manylinux2014_x86_64.manylinux_2_17_x86_64.whl 
(214.1 MB)
#8 996.3    ΓöüΓöüΓöüΓöüΓöüΓöüΓöüΓöüΓöüΓöüΓöüΓöüΓöüΓöüΓöüΓöüΓöüΓöüΓöüΓöüΓöüΓöüΓ
öüΓöüΓöüΓöüΓöüΓöüΓöüΓöüΓöüΓöüΓöüΓöüΓöüΓöüΓöüΓöüΓöüΓöü 214.1/214.1 MB 3.5 MB/s  
0:01:08
#8 996.4 Downloading 
nvidia_cufile-1.15.1.6-py3-none-manylinux2014_x86_64.manylinux_2_17_x86_64.whl 
(1.2 MB)
#8 997.0    ΓöüΓöüΓöüΓöüΓöüΓöüΓöüΓöüΓöüΓöüΓöüΓöüΓöüΓöüΓöüΓöüΓöüΓöüΓöüΓöüΓöüΓöüΓ
öüΓöüΓöüΓöüΓöüΓöüΓöüΓöüΓöüΓöüΓöüΓöüΓöüΓöüΓöüΓöüΓöüΓöü 1.2/1.2 MB 2.0 MB/s  
0:00:00
#8 997.0 Downloading 
nvidia_curand-10.4.0.35-py3-none-manylinux_2_27_x86_64.whl (59.5 MB)
#8 1016.4    ΓöüΓöüΓöüΓöüΓöüΓöüΓöüΓöüΓöüΓöüΓöüΓöüΓöüΓöüΓöüΓöüΓöüΓöüΓöüΓöüΓöüΓöü
ΓöüΓöüΓöüΓöüΓöüΓöüΓöüΓöüΓöüΓöüΓöüΓöüΓöüΓöüΓöüΓöüΓöüΓöü 59.5/59.5 MB 3.1 MB/s  
0:00:19
#8 1016.4 Downloading 
nvidia_cusolver-12.0.4.66-py3-none-manylinux_2_27_x86_64.whl (200.9 MB)
#8 1082.7    ΓöüΓöüΓöüΓöüΓöüΓöüΓöüΓöüΓöüΓöüΓöüΓöüΓöüΓöüΓöüΓöüΓöüΓöüΓöüΓöüΓöüΓöü
ΓöüΓöüΓöüΓöüΓöüΓöüΓöüΓöüΓöüΓöüΓöüΓöüΓöüΓöüΓöüΓöüΓöüΓöü 200.9/200.9 MB 2.9 MB/s 
 0:01:06
#8 1082.8 Downloading nvidia_cusparse-12.6.3.3-py3-none-manylinux2014_x86_64.ma
nylinux_2_17_x86_64.whl (145.9 MB)
#8 1125.1    ΓöüΓöüΓöüΓöüΓöüΓöüΓöüΓöüΓöüΓöüΓöüΓöüΓöüΓöüΓöüΓöüΓöüΓöüΓöüΓöüΓöüΓöü
ΓöüΓöüΓöüΓöüΓöüΓöüΓöüΓöüΓöüΓöüΓöüΓöüΓöüΓöüΓöüΓöüΓöüΓöü 145.9/145.9 MB 3.5 MB/s 
 0:00:42
#8 1125.2 Downloading nvidia_nvjitlink-13.0.88-py3-none-manylinux2010_x86_64.ma
nylinux_2_12_x86_64.whl (40.7 MB)
#8 1136.9    ΓöüΓöüΓöüΓöüΓöüΓöüΓöüΓöüΓöüΓöüΓöüΓöüΓöüΓöüΓöüΓöüΓöüΓöüΓöüΓöüΓöüΓöü
ΓöüΓöüΓöüΓöüΓöüΓöüΓöüΓöüΓöüΓöüΓöüΓöüΓöüΓöüΓöüΓöüΓöüΓöü 40.7/40.7 MB 3.5 MB/s  
0:00:11
#8 1137.0 Downloading 
nvidia_nvtx-13.0.85-py3-none-manylinux1_x86_64.manylinux_2_5_x86_64.whl (148 
kB)
#8 1137.0 Downloading fsspec-2026.3.0-py3-none-any.whl (202 kB)
#8 1137.2 Downloading networkx-3.6.1-py3-none-any.whl (2.1 MB)
#8 1137.9    ΓöüΓöüΓöüΓöüΓöüΓöüΓöüΓöüΓöüΓöüΓöüΓöüΓöüΓöüΓöüΓöüΓöüΓöüΓöüΓöüΓöüΓöü
ΓöüΓöüΓöüΓöüΓöüΓöüΓöüΓöüΓöüΓöüΓöüΓöüΓöüΓöüΓöüΓöüΓöüΓöü 2.1/2.1 MB 2.8 MB/s  
0:00:00
#8 1137.9 Downloading torchvision-0.26.0-cp311-cp311-manylinux_2_28_x86_64.whl 
(7.5 MB)
#8 1140.4    ΓöüΓöüΓöüΓöüΓöüΓöüΓöüΓöüΓöüΓöüΓöüΓöüΓöüΓöüΓöüΓöüΓöüΓöüΓöüΓöüΓöüΓöü
ΓöüΓöüΓöüΓöüΓöüΓöüΓöüΓöüΓöüΓöüΓöüΓöüΓöüΓöüΓöüΓöüΓöüΓöü 7.5/7.5 MB 3.0 MB/s  
0:00:02
#8 1140.5 Downloading tqdm-4.67.3-py3-none-any.whl (78 kB)
#8 1140.6 Downloading ultralytics_thop-2.0.18-py3-none-any.whl (28 kB)
#8 1140.7 Downloading werkzeug-3.1.8-py3-none-any.whl (226 kB)
#8 1140.8 Downloading wrapt-2.1.2-cp311-cp311-manylinux1_x86_64.manylinux_2_28_
x86_64.manylinux_2_5_x86_64.whl (114 kB)
#8 1140.9 Downloading beautifulsoup4-4.14.3-py3-none-any.whl (107 kB)
#8 1141.0 Downloading soupsieve-2.8.3-py3-none-any.whl (37 kB)
#8 1141.1 Downloading filelock-3.28.0-py3-none-any.whl (39 kB)
#8 1141.1 Downloading namex-0.1.0-py3-none-any.whl (5.9 kB)
#8 1141.2 Downloading 
ninja-1.13.0-py3-none-manylinux2014_x86_64.manylinux_2_17_x86_64.whl (180 kB)
#8 1141.3 Downloading 
opencv_python_headless-4.13.0.92-cp37-abi3-manylinux_2_28_x86_64.whl (60.4 MB)
#8 1158.9    ΓöüΓöüΓöüΓöüΓöüΓöüΓöüΓöüΓöüΓöüΓöüΓöüΓöüΓöüΓöüΓöüΓöüΓöüΓöüΓöüΓöüΓöü
ΓöüΓöüΓöüΓöüΓöüΓöüΓöüΓöüΓöüΓöüΓöüΓöüΓöüΓöüΓöüΓöüΓöüΓöü 60.4/60.4 MB 3.4 MB/s  
0:00:17
#8 1159.0 Downloading 
optree-0.19.0-cp311-cp311-manylinux_2_27_x86_64.manylinux_2_28_x86_64.whl (441 
kB)
#8 1159.2 Downloading 
pyclipper-1.4.0-cp311-cp311-manylinux2014_x86_64.manylinux_2_17_x86_64.whl 
(989 kB)
#8 1159.4    ΓöüΓöüΓöüΓöüΓöüΓöüΓöüΓöüΓöüΓöüΓöüΓöüΓöüΓöüΓöüΓöüΓöüΓöüΓöüΓöüΓöüΓöü
ΓöüΓöüΓöüΓöüΓöüΓöüΓöüΓöüΓöüΓöüΓöüΓöüΓöüΓöüΓöüΓöüΓöüΓöü 989.6/989.6 kB 4.5 MB/s 
 0:00:00
#8 1159.5 Downloading 
python_bidi-0.6.7-cp311-cp311-manylinux_2_17_x86_64.manylinux2014_x86_64.whl 
(302 kB)
#8 1159.6 Downloading PySocks-1.7.1-py3-none-any.whl (16 kB)
#8 1159.7 Downloading rich-15.0.0-py3-none-any.whl (310 kB)
#8 1159.8 Downloading pygments-2.20.0-py3-none-any.whl (1.2 MB)
#8 1160.2    ΓöüΓöüΓöüΓöüΓöüΓöüΓöüΓöüΓöüΓöüΓöüΓöüΓöüΓöüΓöüΓöüΓöüΓöüΓöüΓöüΓöüΓöü
ΓöüΓöüΓöüΓöüΓöüΓöüΓöüΓöüΓöüΓöüΓöüΓöüΓöüΓöüΓöüΓöüΓöüΓöü 1.2/1.2 MB 3.7 MB/s  
0:00:00
#8 1160.2 Downloading markdown_it_py-4.0.0-py3-none-any.whl (87 kB)
#8 1160.3 Downloading mdurl-0.1.2-py3-none-any.whl (10.0 kB)
#8 1160.3 Downloading scikit_image-0.26.0-cp311-cp311-manylinux_2_24_x86_64.man
ylinux_2_28_x86_64.whl (13.7 MB)
#8 1164.4    ΓöüΓöüΓöüΓöüΓöüΓöüΓöüΓöüΓöüΓöüΓöüΓöüΓöüΓöüΓöüΓöüΓöüΓöüΓöüΓöüΓöüΓöü
ΓöüΓöüΓöüΓöüΓöüΓöüΓöüΓöüΓöüΓöüΓöüΓöüΓöüΓöüΓöüΓöüΓöüΓöü 13.7/13.7 MB 3.4 MB/s  
0:00:04
#8 1164.5 Downloading imageio-2.37.3-py3-none-any.whl (317 kB)
#8 1164.7 Downloading lazy_loader-0.5-py3-none-any.whl (8.0 kB)
#8 1164.7 Downloading tifffile-2026.3.3-py3-none-any.whl (243 kB)
#8 1164.8 Downloading 
shapely-2.1.2-cp311-cp311-manylinux2014_x86_64.manylinux_2_17_x86_64.whl (3.1 
MB)
#8 1165.7    ΓöüΓöüΓöüΓöüΓöüΓöüΓöüΓöüΓöüΓöüΓöüΓöüΓöüΓöüΓöüΓöüΓöüΓöüΓöüΓöüΓöüΓöü
ΓöüΓöüΓöüΓöüΓöüΓöüΓöüΓöüΓöüΓöüΓöüΓöüΓöüΓöüΓöüΓöüΓöüΓöü 3.1/3.1 MB 3.6 MB/s  
0:00:00
#8 1175.1 Building wheels for collected packages: imutils
#8 1175.1   Building wheel for imutils (pyproject.toml): started
#8 1175.6   Building wheel for imutils (pyproject.toml): finished with status 
'done'
#8 1175.6   Created wheel for imutils: filename=imutils-0.5.4-py3-none-any.whl 
size=25869 
sha256=935d51f3c7725e8f4c0d195bb00bc58a3074434eb10017411b08c9e3f4dbc47d
#8 1175.6   Stored in directory: /tmp/pip-ephem-wheel-cache-4jv6197f/wheels/31/
d0/2c/87ce38f6052879e5b7b18f0f8b4a10ad2a9d210e908d449f16
#8 1175.6 Successfully built imutils
#8 1175.9 Installing collected packages: python-bidi, nvidia-cusparselt-cu13, 
namex, mpmath, libclang, imutils, flatbuffers, cuda-toolkit, wrapt, watchdog, 
urllib3, typing-extensions, triton, tqdm, tornado, toml, termcolor, tenacity, 
sympy, soupsieve, smmap, six, schedule, rpds-py, pyyaml, python-dotenv, 
PySocks, pyparsing, PyJWT, pygments, pyclipper, pyarrow, psycopg2-binary, 
psutil, protobuf, propcache, polars-runtime-32, Pillow, packaging, opt_einsum, 
nvidia-nvtx, nvidia-nvshmem-cu13, nvidia-nvjitlink, nvidia-nccl-cu13, 
nvidia-curand, nvidia-cufile, nvidia-cuda-runtime, nvidia-cuda-nvrtc, 
nvidia-cuda-cupti, nvidia-cublas, numpy, ninja, networkx, narwhals, multidict, 
mdurl, markupsafe, lz4, kiwisolver, joblib, itsdangerous, idna, gast, fsspec, 
frozenlist, fonttools, filelock, cycler, cuda-pathfinder, click, 
charset_normalizer, certifi, cachetools, blinker, attrs, aiohappyeyeballs, 
absl-py, yarl, werkzeug, tifffile, Shapely, scipy, requests, reportlab, 
referencing, python-dateutil, polars, plotly, optree, opencv-python-headless, 
opencv-python, nvidia-cusparse, nvidia-cufft, nvidia-cudnn-cu13, mtcnn, 
ml-dtypes, markdown-it-py, lightecc, lazy-loader, jinja2, imageio, h5py, 
gunicorn, grpcio, google_pasta, gitdb, fire, cuda-bindings, contourpy, 
beautifulsoup4, astunparse, aiosignal, scikit-image, rich, pydeck, pandas, 
nvidia-cusolver, matplotlib, lightphe, lightdsa, jsonschema-specifications, 
gitpython, Flask, aiohttp, keras, jsonschema, gdown, flask-cors, 
aiohttp-retry, twilio, torch, tensorflow, altair, ultralytics-thop, 
torchvision, streamlit, retina-face, ultralytics, easyocr, deepface
#8 1288.3 
#8 1288.3 Successfully installed Flask-3.1.3 Pillow-12.2.0 PyJWT-2.12.1 
PySocks-1.7.1 Shapely-2.1.2 absl-py-2.4.0 aiohappyeyeballs-2.6.1 
aiohttp-3.13.5 aiohttp-retry-2.9.1 aiosignal-1.4.0 altair-6.0.0 
astunparse-1.6.3 attrs-26.1.0 beautifulsoup4-4.14.3 blinker-1.9.0 
cachetools-7.0.5 certifi-2026.2.25 charset_normalizer-3.4.7 click-8.3.2 
contourpy-1.3.3 cuda-bindings-13.2.0 cuda-pathfinder-1.5.3 cuda-toolkit-13.0.2 
cycler-0.12.1 deepface-0.0.99 easyocr-1.7.2 filelock-3.28.0 fire-0.7.1 
flask-cors-6.0.2 flatbuffers-25.12.19 fonttools-4.62.1 frozenlist-1.8.0 
fsspec-2026.3.0 gast-0.7.0 gdown-6.0.0 gitdb-4.0.12 gitpython-3.1.46 
google_pasta-0.2.0 grpcio-1.80.0 gunicorn-25.3.0 h5py-3.14.0 idna-3.11 
imageio-2.37.3 imutils-0.5.4 itsdangerous-2.2.0 jinja2-3.1.6 joblib-1.5.3 
jsonschema-4.26.0 jsonschema-specifications-2025.9.1 keras-3.14.0 
kiwisolver-1.5.0 lazy-loader-0.5 libclang-18.1.1 lightdsa-0.0.3 lightecc-0.0.6 
lightphe-0.0.24 lz4-4.4.5 markdown-it-py-4.0.0 markupsafe-3.0.3 
matplotlib-3.10.8 mdurl-0.1.2 ml-dtypes-0.5.4 mpmath-1.3.0 mtcnn-1.0.0 
multidict-6.7.1 namex-0.1.0 narwhals-2.19.0 networkx-3.6.1 ninja-1.13.0 
numpy-2.4.4 nvidia-cublas-13.1.0.3 nvidia-cuda-cupti-13.0.85 
nvidia-cuda-nvrtc-13.0.88 nvidia-cuda-runtime-13.0.96 
nvidia-cudnn-cu13-9.19.0.56 nvidia-cufft-12.0.0.61 nvidia-cufile-1.15.1.6 
nvidia-curand-10.4.0.35 nvidia-cusolver-12.0.4.66 nvidia-cusparse-12.6.3.3 
nvidia-cusparselt-cu13-0.8.0 nvidia-nccl-cu13-2.28.9 nvidia-nvjitlink-13.0.88 
nvidia-nvshmem-cu13-3.4.5 nvidia-nvtx-13.0.85 opencv-python-4.13.0.92 
opencv-python-headless-4.13.0.92 opt_einsum-3.4.0 optree-0.19.0 packaging-26.1 
pandas-3.0.2 plotly-6.7.0 polars-1.40.0 polars-runtime-32-1.40.0 
propcache-0.4.1 protobuf-7.34.1 psutil-7.2.2 psycopg2-binary-2.9.11 
pyarrow-23.0.1 pyclipper-1.4.0 pydeck-0.9.2 pygments-2.20.0 pyparsing-3.3.2 
python-bidi-0.6.7 python-dateutil-2.9.0.post0 python-dotenv-1.2.2 pyyaml-6.0.3 
referencing-0.37.0 reportlab-4.4.10 requests-2.33.1 retina-face-0.0.17 
rich-15.0.0 rpds-py-0.30.0 schedule-1.2.2 scikit-image-0.26.0 scipy-1.17.1 
six-1.17.0 smmap-5.0.3 soupsieve-2.8.3 streamlit-1.56.0 sympy-1.14.0 
tenacity-9.1.4 tensorflow-2.21.0 termcolor-3.3.0 tifffile-2026.3.3 toml-0.10.2 
torch-2.11.0 torchvision-0.26.0 tornado-6.5.5 tqdm-4.67.3 triton-3.6.0 
twilio-9.10.5 typing-extensions-4.15.0 ultralytics-8.4.38 
ultralytics-thop-2.0.18 urllib3-2.6.3 watchdog-6.0.0 werkzeug-3.1.8 
wrapt-2.1.2 yarl-1.23.0
#8 1288.4 WARNING: Running pip as the 'root' user can result in broken 
permissions and conflicting behaviour with the system package manager, 
possibly rendering your system unusable. It is recommended to use a virtual 
environment instead: https://pip.pypa.io/warnings/venv. Use the 
--root-user-action option if you know what you are doing and want to suppress 
this warning.
#8 DONE 1293.1s

#9 [5/5] COPY . .
#9 DONE 1.3s

#10 exporting to image
#10 exporting layers
#10 exporting layers 252.5s done
#10 exporting manifest 
sha256:d8ed4f0d9870d5b708e98583eadbaa2470c581d92cbbc8b20739664d7a0aaa52
#10 exporting manifest 
sha256:d8ed4f0d9870d5b708e98583eadbaa2470c581d92cbbc8b20739664d7a0aaa52 0.2s 
done
#10 exporting config 
sha256:c1291d442af47548e46b849aa09398bba9a9e990cbf07279d9189830597fea66
#10 exporting config 
sha256:c1291d442af47548e46b849aa09398bba9a9e990cbf07279d9189830597fea66 0.1s 
done
#10 exporting attestation manifest 
sha256:60d604e8cba703a1ba3818ae114d0d7a0beb43a1665669fa851abe232a99c474
#10 exporting attestation manifest 
sha256:60d604e8cba703a1ba3818ae114d0d7a0beb43a1665669fa851abe232a99c474 0.1s 
done
#10 exporting manifest list 
sha256:aa46f26287282b592fb7bc73841f98b677ce8d33fc80782182e09a835ef06fd8
#10 exporting manifest list 
sha256:aa46f26287282b592fb7bc73841f98b677ce8d33fc80782182e09a835ef06fd8 0.1s 
done
#10 naming to docker.io/library/ai-insem-app:latest 0.0s done
#10 unpacking to docker.io/library/ai-insem-app:latest
#10 unpacking to docker.io/library/ai-insem-app:latest 95.6s done
#10 DONE 348.7s
